# ---  trace  ---
IP: #197:0x0, type 5, 1[7]
== backtrace ==
  [0] #199.1.1.ctx.func <code #197.1.1.mem.ro, ip 0x8 (0x0), dict #5.1.2.hash>
== stack (#198.1.1.array) ==
IP: #197:0x8, type 2, 1 (0x1)
== backtrace ==
  [0] #199.1.1.ctx.func <code #197.1.1.mem.ro, ip 0x9 (0x8), dict #5.1.2.hash>
== stack (#198.1.1.array) ==
  [0] #200.1.1.num.bool <1 (0x1)>
IP: #197:0x9, type 2, 1 (0x1)
== backtrace ==
  [0] #199.1.1.ctx.func <code #197.1.1.mem.ro, ip 0xa (0x9), dict #5.1.2.hash>
== stack (#198.1.1.array) ==
  [0] #201.1.1.num.bool <1 (0x1)>
  [1] #200.1.1.num.bool <1 (0x1)>
IP: #197:0xa, type 8, 11[3]
GC: --#201.1.1.num.bool
GC: --#200.1.1.num.bool
== backtrace ==
  [0] #199.1.1.ctx.func <code #197.1.1.mem.ro, ip 0xe (0xa), dict #5.1.2.hash>
== stack (#198.1.1.array) ==
  [0] #202.1.1.num.bool <1 (0x1)>
IP: #197:0xe, type 2, 1 (0x1)
== backtrace ==
  [0] #199.1.1.ctx.func <code #197.1.1.mem.ro, ip 0xf (0xe), dict #5.1.2.hash>
== stack (#198.1.1.array) ==
  [0] #204.1.1.num.bool <1 (0x1)>
  [1] #202.1.1.num.bool <1 (0x1)>
IP: #197:0xf, type 2, 0 (0x0)
== backtrace ==
  [0] #199.1.1.ctx.func <code #197.1.1.mem.ro, ip 0x10 (0xf), dict #5.1.2.hash>
== stack (#198.1.1.array) ==
  [0] #205.1.1.num.bool <0 (0x0)>
  [1] #204.1.1.num.bool <1 (0x1)>
  [2] #202.1.1.num.bool <1 (0x1)>
IP: #197:0x10, type 8, 17[3]
GC: --#205.1.1.num.bool
GC: --#204.1.1.num.bool
== backtrace ==
  [0] #199.1.1.ctx.func <code #197.1.1.mem.ro, ip 0x14 (0x10), dict #5.1.2.hash>
== stack (#198.1.1.array) ==
  [0] #206.1.1.num.bool <0 (0x0)>
  [1] #202.1.1.num.bool <1 (0x1)>
IP: #197:0x14, type 2, 0 (0x0)
== backtrace ==
  [0] #199.1.1.ctx.func <code #197.1.1.mem.ro, ip 0x15 (0x14), dict #5.1.2.hash>
== stack (#198.1.1.array) ==
  [0] #207.1.1.num.bool <0 (0x0)>
  [1] #206.1.1.num.bool <0 (0x0)>
  [2] #202.1.1.num.bool <1 (0x1)>
IP: #197:0x15, type 2, 1 (0x1)
== backtrace ==
  [0] #199.1.1.ctx.func <code #197.1.1.mem.ro, ip 0x16 (0x15), dict #5.1.2.hash>
== stack (#198.1.1.array) ==
  [0] #208.1.1.num.bool <1 (0x1)>
  [1] #207.1.1.num.bool <0 (0x0)>
  [2] #206.1.1.num.bool <0 (0x0)>
  [3] #202.1.1.num.bool <1 (0x1)>
IP: #197:0x16, type 8, 23[3]
GC: --#208.1.1.num.bool
GC: --#207.1.1.num.bool
== backtrace ==
  [0] #199.1.1.ctx.func <code #197.1.1.mem.ro, ip 0x1a (0x16), dict #5.1.2.hash>
== stack (#198.1.1.array) ==
  [0] #209.1.1.num.bool <0 (0x0)>
  [1] #206.1.1.num.bool <0 (0x0)>
  [2] #202.1.1.num.bool <1 (0x1)>
IP: #197:0x1a, type 2, 0 (0x0)
== backtrace ==
  [0] #199.1.1.ctx.func <code #197.1.1.mem.ro, ip 0x1b (0x1a), dict #5.1.2.hash>
== stack (#198.1.1.array) ==
  [0] #210.1.1.num.bool <0 (0x0)>
  [1] #209.1.1.num.bool <0 (0x0)>
  [2] #206.1.1.num.bool <0 (0x0)>
  [3] #202.1.1.num.bool <1 (0x1)>
IP: #197:0x1b, type 2, 0 (0x0)
== backtrace ==
  [0] #199.1.1.ctx.func <code #197.1.1.mem.ro, ip 0x1c (0x1b), dict #5.1.2.hash>
== stack (#198.1.1.array) ==
  [0] #211.1.1.num.bool <0 (0x0)>
  [1] #210.1.1.num.bool <0 (0x0)>
  [2] #209.1.1.num.bool <0 (0x0)>
  [3] #206.1.1.num.bool <0 (0x0)>
  [4] #202.1.1.num.bool <1 (0x1)>
IP: #197:0x1c, type 8, 29[3]
GC: --#211.1.1.num.bool
GC: --#210.1.1.num.bool
== backtrace ==
  [0] #199.1.1.ctx.func <code #197.1.1.mem.ro, ip 0x20 (0x1c), dict #5.1.2.hash>
== stack (#198.1.1.array) ==
  [0] #212.1.1.num.bool <0 (0x0)>
  [1] #209.1.1.num.bool <0 (0x0)>
  [2] #206.1.1.num.bool <0 (0x0)>
  [3] #202.1.1.num.bool <1 (0x1)>
IP: #197:0x20, type 1, 240 (0xf0)
== backtrace ==
  [0] #199.1.1.ctx.func <code #197.1.1.mem.ro, ip 0x23 (0x20), dict #5.1.2.hash>
== stack (#198.1.1.array) ==
  [0] #213.1.1.num.int <240 (0xf0)>
  [1] #212.1.1.num.bool <0 (0x0)>
  [2] #209.1.1.num.bool <0 (0x0)>
  [3] #206.1.1.num.bool <0 (0x0)>
  [4] #202.1.1.num.bool <1 (0x1)>
IP: #197:0x23, type 1, 53 (0x35)
== backtrace ==
  [0] #199.1.1.ctx.func <code #197.1.1.mem.ro, ip 0x25 (0x23), dict #5.1.2.hash>
== stack (#198.1.1.array) ==
  [0] #214.1.1.num.int <53 (0x35)>
  [1] #213.1.1.num.int <240 (0xf0)>
  [2] #212.1.1.num.bool <0 (0x0)>
  [3] #209.1.1.num.bool <0 (0x0)>
  [4] #206.1.1.num.bool <0 (0x0)>
  [5] #202.1.1.num.bool <1 (0x1)>
IP: #197:0x25, type 8, 38[3]
GC: --#214.1.1.num.int
GC: --#213.1.1.num.int
== backtrace ==
  [0] #199.1.1.ctx.func <code #197.1.1.mem.ro, ip 0x29 (0x25), dict #5.1.2.hash>
== stack (#198.1.1.array) ==
  [0] #215.1.1.num.int <48 (0x30)>
  [1] #212.1.1.num.bool <0 (0x0)>
  [2] #209.1.1.num.bool <0 (0x0)>
  [3] #206.1.1.num.bool <0 (0x0)>
  [4] #202.1.1.num.bool <1 (0x1)>
IP: #197:0x29, type 1, 131 (0x83)
== backtrace ==
  [0] #199.1.1.ctx.func <code #197.1.1.mem.ro, ip 0x2c (0x29), dict #5.1.2.hash>
== stack (#198.1.1.array) ==
  [0] #216.1.1.num.int <131 (0x83)>
  [1] #215.1.1.num.int <48 (0x30)>
  [2] #212.1.1.num.bool <0 (0x0)>
  [3] #209.1.1.num.bool <0 (0x0)>
  [4] #206.1.1.num.bool <0 (0x0)>
  [5] #202.1.1.num.bool <1 (0x1)>
IP: #197:0x2c, type 2, 1 (0x1)
== backtrace ==
  [0] #199.1.1.ctx.func <code #197.1.1.mem.ro, ip 0x2d (0x2c), dict #5.1.2.hash>
== stack (#198.1.1.array) ==
  [0] #217.1.1.num.bool <1 (0x1)>
  [1] #216.1.1.num.int <131 (0x83)>
  [2] #215.1.1.num.int <48 (0x30)>
  [3] #212.1.1.num.bool <0 (0x0)>
  [4] #209.1.1.num.bool <0 (0x0)>
  [5] #206.1.1.num.bool <0 (0x0)>
  [6] #202.1.1.num.bool <1 (0x1)>
IP: #197:0x2d, type 8, 46[3]
GC: --#217.1.1.num.bool
GC: --#216.1.1.num.int
== backtrace ==
  [0] #199.1.1.ctx.func <code #197.1.1.mem.ro, ip 0x31 (0x2d), dict #5.1.2.hash>
== stack (#198.1.1.array) ==
  [0] #218.1.1.num.int <1 (0x1)>
  [1] #215.1.1.num.int <48 (0x30)>
  [2] #212.1.1.num.bool <0 (0x0)>
  [3] #209.1.1.num.bool <0 (0x0)>
  [4] #206.1.1.num.bool <0 (0x0)>
  [5] #202.1.1.num.bool <1 (0x1)>
IP: #197:0x31, type 2, 1 (0x1)
== backtrace ==
  [0] #199.1.1.ctx.func <code #197.1.1.mem.ro, ip 0x32 (0x31), dict #5.1.2.hash>
== stack (#198.1.1.array) ==
  [0] #219.1.1.num.bool <1 (0x1)>
  [1] #218.1.1.num.int <1 (0x1)>
  [2] #215.1.1.num.int <48 (0x30)>
  [3] #212.1.1.num.bool <0 (0x0)>
  [4] #209.1.1.num.bool <0 (0x0)>
  [5] #206.1.1.num.bool <0 (0x0)>
  [6] #202.1.1.num.bool <1 (0x1)>
IP: #197:0x32, type 1, 131 (0x83)
== backtrace ==
  [0] #199.1.1.ctx.func <code #197.1.1.mem.ro, ip 0x35 (0x32), dict #5.1.2.hash>
== stack (#198.1.1.array) ==
  [0] #220.1.1.num.int <131 (0x83)>
  [1] #219.1.1.num.bool <1 (0x1)>
  [2] #218.1.1.num.int <1 (0x1)>
  [3] #215.1.1.num.int <48 (0x30)>
  [4] #212.1.1.num.bool <0 (0x0)>
  [5] #209.1.1.num.bool <0 (0x0)>
  [6] #206.1.1.num.bool <0 (0x0)>
  [7] #202.1.1.num.bool <1 (0x1)>
IP: #197:0x35, type 8, 54[3]
GC: --#220.1.1.num.int
GC: --#219.1.1.num.bool
== backtrace ==
  [0] #199.1.1.ctx.func <code #197.1.1.mem.ro, ip 0x39 (0x35), dict #5.1.2.hash>
== stack (#198.1.1.array) ==
  [0] #221.1.1.num.bool <1 (0x1)>
  [1] #218.1.1.num.int <1 (0x1)>
  [2] #215.1.1.num.int <48 (0x30)>
  [3] #212.1.1.num.bool <0 (0x0)>
  [4] #209.1.1.num.bool <0 (0x0)>
  [5] #206.1.1.num.bool <0 (0x0)>
  [6] #202.1.1.num.bool <1 (0x1)>
