# ---  trace  ---
IP: #217:0x0, type 5, 1[7]
== backtrace ==
  [0] #219.1.1.ctx.func <code #217.1.1.mem.ro, ip 0x8 (0x0), dict #8.1.2.hash>
== stack (#218.1.1.array) ==
IP: #217:0x8, type 9, 9[4]
GC: ++#217.1.1.mem.ro
== backtrace ==
  [0] #219.1.1.ctx.func <code #217.1.2.mem.ro, ip 0xd (0x8), dict #8.1.2.hash>
== stack (#218.1.1.array) ==
  [0] #220.1.1.mem.ref.ro <#217.1.2.mem.ro, ofs 0x9, size 4, "zapp">
IP: #217:0xd, type 8, 14[1]
GC: ++#13.1.1.num.prim
== backtrace ==
  [0] #219.1.1.ctx.func <code #217.1.2.mem.ro, ip 0xf (0xd), dict #8.1.2.hash>
== stack (#218.1.1.array) ==
  [0] #13.1.2.num.prim <2 (0x2)>
  [1] #220.1.1.mem.ref.ro <#217.1.2.mem.ro, ofs 0x9, size 4, "zapp">
IP: #217:0xf, type 1, 1 (0x1)
== backtrace ==
  [0] #219.1.1.ctx.func <code #217.1.2.mem.ro, ip 0x10 (0xf), dict #8.1.2.hash>
== stack (#218.1.1.array) ==
  [0] #221.1.1.num.int <1 (0x1)>
  [1] #13.1.2.num.prim <2 (0x2)>
  [2] #220.1.1.mem.ref.ro <#217.1.2.mem.ro, ofs 0x9, size 4, "zapp">
IP: #217:0x10, type 1, 2 (0x2)
== backtrace ==
  [0] #219.1.1.ctx.func <code #217.1.2.mem.ro, ip 0x11 (0x10), dict #8.1.2.hash>
== stack (#218.1.1.array) ==
  [0] #222.1.1.num.int <2 (0x2)>
  [1] #221.1.1.num.int <1 (0x1)>
  [2] #13.1.2.num.prim <2 (0x2)>
  [3] #220.1.1.mem.ref.ro <#217.1.2.mem.ro, ofs 0x9, size 4, "zapp">
IP: #217:0x11, type 1, 3 (0x3)
== backtrace ==
  [0] #219.1.1.ctx.func <code #217.1.2.mem.ro, ip 0x12 (0x11), dict #8.1.2.hash>
== stack (#218.1.1.array) ==
  [0] #223.1.1.num.int <3 (0x3)>
  [1] #222.1.1.num.int <2 (0x2)>
  [2] #221.1.1.num.int <1 (0x1)>
  [3] #13.1.2.num.prim <2 (0x2)>
  [4] #220.1.1.mem.ref.ro <#217.1.2.mem.ro, ofs 0x9, size 4, "zapp">
IP: #217:0x12, type 8, 19[1]
GC: --#13.1.2.num.prim
== backtrace ==
  [0] #219.1.1.ctx.func <code #217.1.2.mem.ro, ip 0x14 (0x12), dict #8.1.2.hash>
== stack (#218.1.1.array) ==
  [0] #224.1.1.array <size 3, max 3>
  [1] #220.1.1.mem.ref.ro <#217.1.2.mem.ro, ofs 0x9, size 4, "zapp">
IP: #217:0x14, type 8, 21[3]
GC: ++#220.1.1.mem.ref.ro
GC: ++#224.1.1.array
GC: --#224.1.2.array
GC: --#220.1.2.mem.ref.ro
== backtrace ==
  [0] #219.1.1.ctx.func <code #217.1.2.mem.ro, ip 0x18 (0x14), dict #8.1.2.hash>
== stack (#218.1.1.array) ==
IP: #217:0x18, type 8, 25[4]
GC: ++#224.1.1.array
== backtrace ==
  [0] #219.1.1.ctx.func <code #217.1.2.mem.ro, ip 0x1d (0x18), dict #8.1.2.hash>
== stack (#218.1.1.array) ==
  [0] #224.1.2.array <size 3, max 3>
IP: #217:0x1d, type 8, 30[6]
== backtrace ==
  [0] #219.1.1.ctx.func <code #217.1.2.mem.ro, ip 0x24 (0x1d), dict #8.1.2.hash>
== stack (#218.1.1.array) ==
  [0] #224.1.2.array.ro <size 3, max 3>
IP: #217:0x24, type 8, 37[4]
GC: ++#224.1.2.array.ro
== backtrace ==
  [0] #219.1.1.ctx.func <code #217.1.2.mem.ro, ip 0x29 (0x24), dict #8.1.2.hash>
== stack (#218.1.1.array) ==
  [0] #224.1.3.array.ro <size 3, max 3>
  [1] #224.1.3.array.ro <size 3, max 3>
IP: #217:0x29, type 1, 1 (0x1)
== backtrace ==
  [0] #219.1.1.ctx.func <code #217.1.2.mem.ro, ip 0x2a (0x29), dict #8.1.2.hash>
== stack (#218.1.1.array) ==
  [0] #225.1.1.num.int <1 (0x1)>
  [1] #224.1.3.array.ro <size 3, max 3>
  [2] #224.1.3.array.ro <size 3, max 3>
IP: #217:0x2a, type 1, 10 (0xa)
== backtrace ==
  [0] #219.1.1.ctx.func <code #217.1.2.mem.ro, ip 0x2c (0x2a), dict #8.1.2.hash>
== stack (#218.1.1.array) ==
  [0] #226.1.1.num.int <10 (0xa)>
  [1] #225.1.1.num.int <1 (0x1)>
  [2] #224.1.3.array.ro <size 3, max 3>
  [3] #224.1.3.array.ro <size 3, max 3>
IP: #217:0x2c, type 8, 45[3]
== backtrace ==
  [0] #219.1.1.ctx.func <code #217.1.2.mem.ro, ip 0x30 (0x2c), dict #8.1.2.hash>
== stack (#218.1.1.array) ==
  [0] #226.1.1.num.int <10 (0xa)>
  [1] #225.1.1.num.int <1 (0x1)>
  [2] #224.1.3.array.ro <size 3, max 3>
  [3] #224.1.3.array.ro <size 3, max 3>
error 12 (readonly), ip = #217:0x2c
