# ---  trace  ---
IP: #221:0x0, type 5, 1[7]
== backtrace ==
  [0] #223.1.1.ctx.func <code #221.1.1.mem.ro, ip 0x8 (0x0), dict #8.1.2.hash>
== stack (#222.1.1.array) ==
IP: #221:0x8, type 9, 9[5]
GC: ++#221.1.1.mem.ro
== backtrace ==
  [0] #223.1.1.ctx.func <code #221.1.2.mem.ro, ip 0xe (0x8), dict #8.1.2.hash>
== stack (#222.1.1.array) ==
  [0] #224.1.1.mem.ref.ro <#221.1.2.mem.ro, ofs 0x9, size 5, "foo_1">
IP: #221:0xe, type 8, 15[1]
GC: ++#13.1.1.num.prim
== backtrace ==
  [0] #223.1.1.ctx.func <code #221.1.2.mem.ro, ip 0x10 (0xe), dict #8.1.2.hash>
== stack (#222.1.1.array) ==
  [0] #13.1.2.num.prim <2 (0x2)>
  [1] #224.1.1.mem.ref.ro <#221.1.2.mem.ro, ofs 0x9, size 5, "foo_1">
IP: #221:0x10, type 1, 10 (0xa)
== backtrace ==
  [0] #223.1.1.ctx.func <code #221.1.2.mem.ro, ip 0x12 (0x10), dict #8.1.2.hash>
== stack (#222.1.1.array) ==
  [0] #225.1.1.num.int <10 (0xa)>
  [1] #13.1.2.num.prim <2 (0x2)>
  [2] #224.1.1.mem.ref.ro <#221.1.2.mem.ro, ofs 0x9, size 5, "foo_1">
IP: #221:0x12, type 1, 20 (0x14)
== backtrace ==
  [0] #223.1.1.ctx.func <code #221.1.2.mem.ro, ip 0x14 (0x12), dict #8.1.2.hash>
== stack (#222.1.1.array) ==
  [0] #226.1.1.num.int <20 (0x14)>
  [1] #225.1.1.num.int <10 (0xa)>
  [2] #13.1.2.num.prim <2 (0x2)>
  [3] #224.1.1.mem.ref.ro <#221.1.2.mem.ro, ofs 0x9, size 5, "foo_1">
IP: #221:0x14, type 1, 30 (0x1e)
== backtrace ==
  [0] #223.1.1.ctx.func <code #221.1.2.mem.ro, ip 0x16 (0x14), dict #8.1.2.hash>
== stack (#222.1.1.array) ==
  [0] #227.1.1.num.int <30 (0x1e)>
  [1] #226.1.1.num.int <20 (0x14)>
  [2] #225.1.1.num.int <10 (0xa)>
  [3] #13.1.2.num.prim <2 (0x2)>
  [4] #224.1.1.mem.ref.ro <#221.1.2.mem.ro, ofs 0x9, size 5, "foo_1">
IP: #221:0x16, type 1, 40 (0x28)
== backtrace ==
  [0] #223.1.1.ctx.func <code #221.1.2.mem.ro, ip 0x18 (0x16), dict #8.1.2.hash>
== stack (#222.1.1.array) ==
  [0] #228.1.1.num.int <40 (0x28)>
  [1] #227.1.1.num.int <30 (0x1e)>
  [2] #226.1.1.num.int <20 (0x14)>
  [3] #225.1.1.num.int <10 (0xa)>
  [4] #13.1.2.num.prim <2 (0x2)>
  [5] #224.1.1.mem.ref.ro <#221.1.2.mem.ro, ofs 0x9, size 5, "foo_1">
IP: #221:0x18, type 8, 25[1]
GC: --#13.1.2.num.prim
== backtrace ==
  [0] #223.1.1.ctx.func <code #221.1.2.mem.ro, ip 0x1a (0x18), dict #8.1.2.hash>
== stack (#222.1.1.array) ==
  [0] #229.1.1.array <size 4, max 4>
  [1] #224.1.1.mem.ref.ro <#221.1.2.mem.ro, ofs 0x9, size 5, "foo_1">
IP: #221:0x1a, type 8, 27[3]
GC: ++#224.1.1.mem.ref.ro
GC: ++#229.1.1.array
GC: --#229.1.2.array
GC: --#224.1.2.mem.ref.ro
== backtrace ==
  [0] #223.1.1.ctx.func <code #221.1.2.mem.ro, ip 0x1e (0x1a), dict #8.1.2.hash>
== stack (#222.1.1.array) ==
IP: #221:0x1e, type 8, 31[5]
GC: ++#229.1.1.array
== backtrace ==
  [0] #223.1.1.ctx.func <code #221.1.2.mem.ro, ip 0x24 (0x1e), dict #8.1.2.hash>
== stack (#222.1.1.array) ==
  [0] #229.1.2.array <size 4, max 4>
IP: #221:0x24, type 1, 0 (0x0)
== backtrace ==
  [0] #223.1.1.ctx.func <code #221.1.2.mem.ro, ip 0x25 (0x24), dict #8.1.2.hash>
== stack (#222.1.1.array) ==
  [0] #230.1.1.num.int <0 (0x0)>
  [1] #229.1.2.array <size 4, max 4>
IP: #221:0x25, type 1, 100 (0x64)
== backtrace ==
  [0] #223.1.1.ctx.func <code #221.1.2.mem.ro, ip 0x27 (0x25), dict #8.1.2.hash>
== stack (#222.1.1.array) ==
  [0] #231.1.1.num.int <100 (0x64)>
  [1] #230.1.1.num.int <0 (0x0)>
  [2] #229.1.2.array <size 4, max 4>
IP: #221:0x27, type 8, 40[6]
GC: ++#231.1.1.num.int
GC: --#231.1.2.num.int
GC: --#230.1.1.num.int
== backtrace ==
  [0] #223.1.1.ctx.func <code #221.1.2.mem.ro, ip 0x2e (0x27), dict #8.1.2.hash>
== stack (#222.1.1.array) ==
  [0] #229.1.2.array <size 5, max 20>
IP: #221:0x2e, type 8, 47[3]
GC: --#229.1.2.array
== backtrace ==
  [0] #223.1.1.ctx.func <code #221.1.2.mem.ro, ip 0x32 (0x2e), dict #8.1.2.hash>
== stack (#222.1.1.array) ==
IP: #221:0x32, type 8, 51[5]
GC: ++#229.1.1.array
== backtrace ==
  [0] #223.1.1.ctx.func <code #221.1.2.mem.ro, ip 0x38 (0x32), dict #8.1.2.hash>
== stack (#222.1.1.array) ==
  [0] #229.1.2.array <size 5, max 20>
IP: #221:0x38, type 1, -1 (0xffffffffffffffff)
== backtrace ==
  [0] #223.1.1.ctx.func <code #221.1.2.mem.ro, ip 0x3a (0x38), dict #8.1.2.hash>
== stack (#222.1.1.array) ==
  [0] #233.1.1.num.int <-1 (0xffffffffffffffff)>
  [1] #229.1.2.array <size 5, max 20>
IP: #221:0x3a, type 1, 400 (0x190)
== backtrace ==
  [0] #223.1.1.ctx.func <code #221.1.2.mem.ro, ip 0x3d (0x3a), dict #8.1.2.hash>
== stack (#222.1.1.array) ==
  [0] #234.1.1.num.int <400 (0x190)>
  [1] #233.1.1.num.int <-1 (0xffffffffffffffff)>
  [2] #229.1.2.array <size 5, max 20>
IP: #221:0x3d, type 8, 62[6]
GC: ++#234.1.1.num.int
GC: --#234.1.2.num.int
GC: --#233.1.1.num.int
== backtrace ==
  [0] #223.1.1.ctx.func <code #221.1.2.mem.ro, ip 0x44 (0x3d), dict #8.1.2.hash>
== stack (#222.1.1.array) ==
  [0] #229.1.2.array <size 6, max 20>
IP: #221:0x44, type 8, 69[3]
GC: --#229.1.2.array
== backtrace ==
  [0] #223.1.1.ctx.func <code #221.1.2.mem.ro, ip 0x48 (0x44), dict #8.1.2.hash>
== stack (#222.1.1.array) ==
IP: #221:0x48, type 8, 73[5]
GC: ++#229.1.1.array
== backtrace ==
  [0] #223.1.1.ctx.func <code #221.1.2.mem.ro, ip 0x4e (0x48), dict #8.1.2.hash>
== stack (#222.1.1.array) ==
  [0] #229.1.2.array <size 6, max 20>
IP: #221:0x4e, type 1, 4 (0x4)
== backtrace ==
  [0] #223.1.1.ctx.func <code #221.1.2.mem.ro, ip 0x4f (0x4e), dict #8.1.2.hash>
== stack (#222.1.1.array) ==
  [0] #235.1.1.num.int <4 (0x4)>
  [1] #229.1.2.array <size 6, max 20>
IP: #221:0x4f, type 1, 500 (0x1f4)
== backtrace ==
  [0] #223.1.1.ctx.func <code #221.1.2.mem.ro, ip 0x52 (0x4f), dict #8.1.2.hash>
== stack (#222.1.1.array) ==
  [0] #236.1.1.num.int <500 (0x1f4)>
  [1] #235.1.1.num.int <4 (0x4)>
  [2] #229.1.2.array <size 6, max 20>
IP: #221:0x52, type 8, 83[6]
GC: ++#236.1.1.num.int
GC: --#236.1.2.num.int
GC: --#235.1.1.num.int
== backtrace ==
  [0] #223.1.1.ctx.func <code #221.1.2.mem.ro, ip 0x59 (0x52), dict #8.1.2.hash>
== stack (#222.1.1.array) ==
  [0] #229.1.2.array <size 7, max 20>
IP: #221:0x59, type 8, 90[3]
GC: --#229.1.2.array
== backtrace ==
  [0] #223.1.1.ctx.func <code #221.1.2.mem.ro, ip 0x5d (0x59), dict #8.1.2.hash>
== stack (#222.1.1.array) ==
IP: #221:0x5d, type 8, 94[5]
GC: ++#229.1.1.array
== backtrace ==
  [0] #223.1.1.ctx.func <code #221.1.2.mem.ro, ip 0x63 (0x5d), dict #8.1.2.hash>
== stack (#222.1.1.array) ==
  [0] #229.1.2.array <size 7, max 20>
IP: #221:0x63, type 1, 10 (0xa)
== backtrace ==
  [0] #223.1.1.ctx.func <code #221.1.2.mem.ro, ip 0x65 (0x63), dict #8.1.2.hash>
== stack (#222.1.1.array) ==
  [0] #237.1.1.num.int <10 (0xa)>
  [1] #229.1.2.array <size 7, max 20>
IP: #221:0x65, type 1, 900 (0x384)
== backtrace ==
  [0] #223.1.1.ctx.func <code #221.1.2.mem.ro, ip 0x68 (0x65), dict #8.1.2.hash>
== stack (#222.1.1.array) ==
  [0] #238.1.1.num.int <900 (0x384)>
  [1] #237.1.1.num.int <10 (0xa)>
  [2] #229.1.2.array <size 7, max 20>
IP: #221:0x68, type 8, 105[6]
GC: ++#238.1.1.num.int
GC: --#238.1.2.num.int
GC: --#237.1.1.num.int
== backtrace ==
  [0] #223.1.1.ctx.func <code #221.1.2.mem.ro, ip 0x6f (0x68), dict #8.1.2.hash>
== stack (#222.1.1.array) ==
  [0] #229.1.2.array <size 11, max 20>
IP: #221:0x6f, type 8, 112[3]
GC: --#229.1.2.array
== backtrace ==
  [0] #223.1.1.ctx.func <code #221.1.2.mem.ro, ip 0x73 (0x6f), dict #8.1.2.hash>
== stack (#222.1.1.array) ==
IP: #221:0x73, type 9, 116[5]
GC: ++#221.1.2.mem.ro
== backtrace ==
  [0] #223.1.1.ctx.func <code #221.1.3.mem.ro, ip 0x79 (0x73), dict #8.1.2.hash>
== stack (#222.1.1.array) ==
  [0] #239.1.1.mem.ref.ro <#221.1.3.mem.ro, ofs 0x74, size 5, "foo_2">
IP: #221:0x79, type 8, 122[1]
GC: ++#17.1.1.num.prim
== backtrace ==
  [0] #223.1.1.ctx.func <code #221.1.3.mem.ro, ip 0x7b (0x79), dict #8.1.2.hash>
== stack (#222.1.1.array) ==
  [0] #17.1.2.num.prim <4 (0x4)>
  [1] #239.1.1.mem.ref.ro <#221.1.3.mem.ro, ofs 0x74, size 5, "foo_2">
IP: #221:0x7b, type 7, 124[2]
GC: ++#221.1.3.mem.ro
== backtrace ==
  [0] #223.1.1.ctx.func <code #221.1.4.mem.ro, ip 0x7e (0x7b), dict #8.1.2.hash>
== stack (#222.1.1.array) ==
  [0] #240.1.1.mem.str.ro <#221.1.4.mem.ro, ofs 0x7c, size 2, "aa">
  [1] #17.1.2.num.prim <4 (0x4)>
  [2] #239.1.1.mem.ref.ro <#221.1.4.mem.ro, ofs 0x74, size 5, "foo_2">
IP: #221:0x7e, type 1, 11 (0xb)
== backtrace ==
  [0] #223.1.1.ctx.func <code #221.1.4.mem.ro, ip 0x80 (0x7e), dict #8.1.2.hash>
== stack (#222.1.1.array) ==
  [0] #241.1.1.num.int <11 (0xb)>
  [1] #240.1.1.mem.str.ro <#221.1.4.mem.ro, ofs 0x7c, size 2, "aa">
  [2] #17.1.2.num.prim <4 (0x4)>
  [3] #239.1.1.mem.ref.ro <#221.1.4.mem.ro, ofs 0x74, size 5, "foo_2">
IP: #221:0x80, type 7, 129[2]
GC: ++#221.1.4.mem.ro
== backtrace ==
  [0] #223.1.1.ctx.func <code #221.1.5.mem.ro, ip 0x83 (0x80), dict #8.1.2.hash>
== stack (#222.1.1.array) ==
  [0] #242.1.1.mem.str.ro <#221.1.5.mem.ro, ofs 0x81, size 2, "bb">
  [1] #241.1.1.num.int <11 (0xb)>
  [2] #240.1.1.mem.str.ro <#221.1.5.mem.ro, ofs 0x7c, size 2, "aa">
  [3] #17.1.2.num.prim <4 (0x4)>
  [4] #239.1.1.mem.ref.ro <#221.1.5.mem.ro, ofs 0x74, size 5, "foo_2">
IP: #221:0x83, type 1, 22 (0x16)
== backtrace ==
  [0] #223.1.1.ctx.func <code #221.1.5.mem.ro, ip 0x85 (0x83), dict #8.1.2.hash>
== stack (#222.1.1.array) ==
  [0] #243.1.1.num.int <22 (0x16)>
  [1] #242.1.1.mem.str.ro <#221.1.5.mem.ro, ofs 0x81, size 2, "bb">
  [2] #241.1.1.num.int <11 (0xb)>
  [3] #240.1.1.mem.str.ro <#221.1.5.mem.ro, ofs 0x7c, size 2, "aa">
  [4] #17.1.2.num.prim <4 (0x4)>
  [5] #239.1.1.mem.ref.ro <#221.1.5.mem.ro, ofs 0x74, size 5, "foo_2">
IP: #221:0x85, type 7, 134[2]
GC: ++#221.1.5.mem.ro
== backtrace ==
  [0] #223.1.1.ctx.func <code #221.1.6.mem.ro, ip 0x88 (0x85), dict #8.1.2.hash>
== stack (#222.1.1.array) ==
  [0] #244.1.1.mem.str.ro <#221.1.6.mem.ro, ofs 0x86, size 2, "cc">
  [1] #243.1.1.num.int <22 (0x16)>
  [2] #242.1.1.mem.str.ro <#221.1.6.mem.ro, ofs 0x81, size 2, "bb">
  [3] #241.1.1.num.int <11 (0xb)>
  [4] #240.1.1.mem.str.ro <#221.1.6.mem.ro, ofs 0x7c, size 2, "aa">
  [5] #17.1.2.num.prim <4 (0x4)>
  [6] #239.1.1.mem.ref.ro <#221.1.6.mem.ro, ofs 0x74, size 5, "foo_2">
IP: #221:0x88, type 1, 33 (0x21)
== backtrace ==
  [0] #223.1.1.ctx.func <code #221.1.6.mem.ro, ip 0x8a (0x88), dict #8.1.2.hash>
== stack (#222.1.1.array) ==
  [0] #245.1.1.num.int <33 (0x21)>
  [1] #244.1.1.mem.str.ro <#221.1.6.mem.ro, ofs 0x86, size 2, "cc">
  [2] #243.1.1.num.int <22 (0x16)>
  [3] #242.1.1.mem.str.ro <#221.1.6.mem.ro, ofs 0x81, size 2, "bb">
  [4] #241.1.1.num.int <11 (0xb)>
  [5] #240.1.1.mem.str.ro <#221.1.6.mem.ro, ofs 0x7c, size 2, "aa">
  [6] #17.1.2.num.prim <4 (0x4)>
  [7] #239.1.1.mem.ref.ro <#221.1.6.mem.ro, ofs 0x74, size 5, "foo_2">
IP: #221:0x8a, type 8, 139[1]
GC: --#17.1.2.num.prim
== backtrace ==
  [0] #223.1.1.ctx.func <code #221.1.6.mem.ro, ip 0x8c (0x8a), dict #8.1.2.hash>
== stack (#222.1.1.array) ==
  [0] #246.1.1.hash <size 3, max 3>
  [1] #239.1.1.mem.ref.ro <#221.1.6.mem.ro, ofs 0x74, size 5, "foo_2">
IP: #221:0x8c, type 8, 141[3]
GC: ++#239.1.1.mem.ref.ro
GC: ++#246.1.1.hash
GC: --#246.1.2.hash
GC: --#239.1.2.mem.ref.ro
== backtrace ==
  [0] #223.1.1.ctx.func <code #221.1.6.mem.ro, ip 0x90 (0x8c), dict #8.1.2.hash>
== stack (#222.1.1.array) ==
IP: #221:0x90, type 8, 145[5]
GC: ++#246.1.1.hash
== backtrace ==
  [0] #223.1.1.ctx.func <code #221.1.6.mem.ro, ip 0x96 (0x90), dict #8.1.2.hash>
== stack (#222.1.1.array) ==
  [0] #246.1.2.hash <size 3, max 3>
IP: #221:0x96, type 7, 151[2]
GC: ++#221.1.6.mem.ro
== backtrace ==
  [0] #223.1.1.ctx.func <code #221.1.7.mem.ro, ip 0x99 (0x96), dict #8.1.2.hash>
== stack (#222.1.1.array) ==
  [0] #247.1.1.mem.str.ro <#221.1.7.mem.ro, ofs 0x97, size 2, "bb">
  [1] #246.1.2.hash <size 3, max 3>
IP: #221:0x99, type 1, 222 (0xde)
== backtrace ==
  [0] #223.1.1.ctx.func <code #221.1.7.mem.ro, ip 0x9c (0x99), dict #8.1.2.hash>
== stack (#222.1.1.array) ==
  [0] #248.1.1.num.int <222 (0xde)>
  [1] #247.1.1.mem.str.ro <#221.1.7.mem.ro, ofs 0x97, size 2, "bb">
  [2] #246.1.2.hash <size 3, max 3>
IP: #221:0x9c, type 8, 157[6]
GC: ++#247.1.1.mem.str.ro
GC: ++#248.1.1.num.int
GC: --#242.1.1.mem.str.ro
GC: --#221.1.7.mem.ro
GC: --#243.1.1.num.int
GC: --#248.1.2.num.int
GC: --#247.1.2.mem.str.ro
== backtrace ==
  [0] #223.1.1.ctx.func <code #221.1.6.mem.ro, ip 0xa3 (0x9c), dict #8.1.2.hash>
== stack (#222.1.1.array) ==
  [0] #246.1.2.hash <size 3, max 3>
IP: #221:0xa3, type 8, 164[3]
GC: --#246.1.2.hash
== backtrace ==
  [0] #223.1.1.ctx.func <code #221.1.6.mem.ro, ip 0xa7 (0xa3), dict #8.1.2.hash>
== stack (#222.1.1.array) ==
IP: #221:0xa7, type 8, 168[5]
GC: ++#246.1.1.hash
== backtrace ==
  [0] #223.1.1.ctx.func <code #221.1.6.mem.ro, ip 0xad (0xa7), dict #8.1.2.hash>
== stack (#222.1.1.array) ==
  [0] #246.1.2.hash <size 3, max 3>
IP: #221:0xad, type 7, 174[2]
GC: ++#221.1.6.mem.ro
== backtrace ==
  [0] #223.1.1.ctx.func <code #221.1.7.mem.ro, ip 0xb0 (0xad), dict #8.1.2.hash>
== stack (#222.1.1.array) ==
  [0] #249.1.1.mem.str.ro <#221.1.7.mem.ro, ofs 0xae, size 2, "dd">
  [1] #246.1.2.hash <size 3, max 3>
IP: #221:0xb0, type 1, 444 (0x1bc)
== backtrace ==
  [0] #223.1.1.ctx.func <code #221.1.7.mem.ro, ip 0xb3 (0xb0), dict #8.1.2.hash>
== stack (#222.1.1.array) ==
  [0] #250.1.1.num.int <444 (0x1bc)>
  [1] #249.1.1.mem.str.ro <#221.1.7.mem.ro, ofs 0xae, size 2, "dd">
  [2] #246.1.2.hash <size 3, max 3>
IP: #221:0xb3, type 8, 180[6]
GC: ++#249.1.1.mem.str.ro
GC: ++#250.1.1.num.int
GC: --#250.1.2.num.int
GC: --#249.1.2.mem.str.ro
== backtrace ==
  [0] #223.1.1.ctx.func <code #221.1.7.mem.ro, ip 0xba (0xb3), dict #8.1.2.hash>
== stack (#222.1.1.array) ==
  [0] #246.1.2.hash <size 4, max 19>
IP: #221:0xba, type 8, 187[3]
GC: --#246.1.2.hash
== backtrace ==
  [0] #223.1.1.ctx.func <code #221.1.7.mem.ro, ip 0xbe (0xba), dict #8.1.2.hash>
== stack (#222.1.1.array) ==
IP: #221:0xbe, type 9, 191[5]
GC: ++#221.1.7.mem.ro
== backtrace ==
  [0] #223.1.1.ctx.func <code #221.1.8.mem.ro, ip 0xc4 (0xbe), dict #8.1.2.hash>
== stack (#222.1.1.array) ==
  [0] #251.1.1.mem.ref.ro <#221.1.8.mem.ro, ofs 0xbf, size 5, "foo_3">
IP: #221:0xc4, type 7, 197[2]
GC: ++#221.1.8.mem.ro
== backtrace ==
  [0] #223.1.1.ctx.func <code #221.1.9.mem.ro, ip 0xc7 (0xc4), dict #8.1.2.hash>
== stack (#222.1.1.array) ==
  [0] #252.1.1.mem.str.ro <#221.1.9.mem.ro, ofs 0xc5, size 2, "12">
  [1] #251.1.1.mem.ref.ro <#221.1.9.mem.ro, ofs 0xbf, size 5, "foo_3">
IP: #221:0xc7, type 7, 200[0]
GC: ++#221.1.9.mem.ro
== backtrace ==
  [0] #223.1.1.ctx.func <code #221.1.10.mem.ro, ip 0xc8 (0xc7), dict #8.1.2.hash>
== stack (#222.1.1.array) ==
  [0] #253.1.1.mem.str.ro <#221.1.10.mem.ro, ofs 0xc8, size 0, "">
  [1] #252.1.1.mem.str.ro <#221.1.10.mem.ro, ofs 0xc5, size 2, "12">
  [2] #251.1.1.mem.ref.ro <#221.1.10.mem.ro, ofs 0xbf, size 5, "foo_3">
IP: #221:0xc8, type 8, 201[3]
GC: --#253.1.1.mem.str.ro
GC: --#221.1.10.mem.ro
GC: --#252.1.1.mem.str.ro
GC: --#221.1.9.mem.ro
== backtrace ==
  [0] #223.1.1.ctx.func <code #221.1.8.mem.ro, ip 0xcc (0xc8), dict #8.1.2.hash>
== stack (#222.1.1.array) ==
  [0] #254.1.1.mem.str <size 2, "12">
  [1] #251.1.1.mem.ref.ro <#221.1.8.mem.ro, ofs 0xbf, size 5, "foo_3">
IP: #221:0xcc, type 8, 205[3]
GC: ++#251.1.1.mem.ref.ro
GC: ++#254.1.1.mem.str
GC: --#254.1.2.mem.str
GC: --#251.1.2.mem.ref.ro
== backtrace ==
  [0] #223.1.1.ctx.func <code #221.1.8.mem.ro, ip 0xd0 (0xcc), dict #8.1.2.hash>
== stack (#222.1.1.array) ==
IP: #221:0xd0, type 8, 209[5]
GC: ++#254.1.1.mem.str
== backtrace ==
  [0] #223.1.1.ctx.func <code #221.1.8.mem.ro, ip 0xd6 (0xd0), dict #8.1.2.hash>
== stack (#222.1.1.array) ==
  [0] #254.1.2.mem.str <size 2, "12">
IP: #221:0xd6, type 1, 0 (0x0)
== backtrace ==
  [0] #223.1.1.ctx.func <code #221.1.8.mem.ro, ip 0xd7 (0xd6), dict #8.1.2.hash>
== stack (#222.1.1.array) ==
  [0] #255.1.1.num.int <0 (0x0)>
  [1] #254.1.2.mem.str <size 2, "12">
IP: #221:0xd7, type 1, 65 (0x41)
== backtrace ==
  [0] #223.1.1.ctx.func <code #221.1.8.mem.ro, ip 0xd9 (0xd7), dict #8.1.2.hash>
== stack (#222.1.1.array) ==
  [0] #256.1.1.num.int <65 (0x41)>
  [1] #255.1.1.num.int <0 (0x0)>
  [2] #254.1.2.mem.str <size 2, "12">
IP: #221:0xd9, type 8, 218[6]
GC: --#256.1.1.num.int
GC: --#255.1.1.num.int
== backtrace ==
  [0] #223.1.1.ctx.func <code #221.1.8.mem.ro, ip 0xe0 (0xd9), dict #8.1.2.hash>
== stack (#222.1.1.array) ==
  [0] #254.1.2.mem.str <size 3, "A12">
IP: #221:0xe0, type 8, 225[3]
GC: --#254.1.2.mem.str
== backtrace ==
  [0] #223.1.1.ctx.func <code #221.1.8.mem.ro, ip 0xe4 (0xe0), dict #8.1.2.hash>
== stack (#222.1.1.array) ==
IP: #221:0xe4, type 8, 229[5]
GC: ++#254.1.1.mem.str
== backtrace ==
  [0] #223.1.1.ctx.func <code #221.1.8.mem.ro, ip 0xea (0xe4), dict #8.1.2.hash>
== stack (#222.1.1.array) ==
  [0] #254.1.2.mem.str <size 3, "A12">
IP: #221:0xea, type 1, 3 (0x3)
== backtrace ==
  [0] #223.1.1.ctx.func <code #221.1.8.mem.ro, ip 0xeb (0xea), dict #8.1.2.hash>
== stack (#222.1.1.array) ==
  [0] #257.1.1.num.int <3 (0x3)>
  [1] #254.1.2.mem.str <size 3, "A12">
IP: #221:0xeb, type 1, 53 (0x35)
== backtrace ==
  [0] #223.1.1.ctx.func <code #221.1.8.mem.ro, ip 0xed (0xeb), dict #8.1.2.hash>
== stack (#222.1.1.array) ==
  [0] #230.2.1.num.int <53 (0x35)>
  [1] #257.1.1.num.int <3 (0x3)>
  [2] #254.1.2.mem.str <size 3, "A12">
IP: #221:0xed, type 8, 238[6]
GC: --#230.2.1.num.int
GC: --#257.1.1.num.int
== backtrace ==
  [0] #223.1.1.ctx.func <code #221.1.8.mem.ro, ip 0xf4 (0xed), dict #8.1.2.hash>
== stack (#222.1.1.array) ==
  [0] #254.1.2.mem.str <size 4, "A125">
IP: #221:0xf4, type 8, 245[3]
GC: --#254.1.2.mem.str
== backtrace ==
  [0] #223.1.1.ctx.func <code #221.1.8.mem.ro, ip 0xf8 (0xf4), dict #8.1.2.hash>
== stack (#222.1.1.array) ==
IP: #221:0xf8, type 8, 249[5]
GC: ++#254.1.1.mem.str
== backtrace ==
  [0] #223.1.1.ctx.func <code #221.1.8.mem.ro, ip 0xfe (0xf8), dict #8.1.2.hash>
== stack (#222.1.1.array) ==
  [0] #254.1.2.mem.str <size 4, "A125">
IP: #221:0xfe, type 1, -1 (0xffffffffffffffff)
== backtrace ==
  [0] #223.1.1.ctx.func <code #221.1.8.mem.ro, ip 0x100 (0xfe), dict #8.1.2.hash>
== stack (#222.1.1.array) ==
  [0] #233.2.1.num.int <-1 (0xffffffffffffffff)>
  [1] #254.1.2.mem.str <size 4, "A125">
IP: #221:0x100, type 1, 54 (0x36)
== backtrace ==
  [0] #223.1.1.ctx.func <code #221.1.8.mem.ro, ip 0x102 (0x100), dict #8.1.2.hash>
== stack (#222.1.1.array) ==
  [0] #235.2.1.num.int <54 (0x36)>
  [1] #233.2.1.num.int <-1 (0xffffffffffffffff)>
  [2] #254.1.2.mem.str <size 4, "A125">
IP: #221:0x102, type 8, 259[6]
GC: --#235.2.1.num.int
GC: --#233.2.1.num.int
== backtrace ==
  [0] #223.1.1.ctx.func <code #221.1.8.mem.ro, ip 0x109 (0x102), dict #8.1.2.hash>
== stack (#222.1.1.array) ==
  [0] #254.1.2.mem.str <size 5, "A1265">
IP: #221:0x109, type 8, 266[3]
GC: --#254.1.2.mem.str
== backtrace ==
  [0] #223.1.1.ctx.func <code #221.1.8.mem.ro, ip 0x10d (0x109), dict #8.1.2.hash>
== stack (#222.1.1.array) ==
IP: #221:0x10d, type 8, 270[5]
GC: ++#254.1.1.mem.str
== backtrace ==
  [0] #223.1.1.ctx.func <code #221.1.8.mem.ro, ip 0x113 (0x10d), dict #8.1.2.hash>
== stack (#222.1.1.array) ==
  [0] #254.1.2.mem.str <size 5, "A1265">
IP: #221:0x113, type 1, 19 (0x13)
== backtrace ==
  [0] #223.1.1.ctx.func <code #221.1.8.mem.ro, ip 0x115 (0x113), dict #8.1.2.hash>
== stack (#222.1.1.array) ==
  [0] #237.2.1.num.int <19 (0x13)>
  [1] #254.1.2.mem.str <size 5, "A1265">
IP: #221:0x115, type 1, 88 (0x58)
== backtrace ==
  [0] #223.1.1.ctx.func <code #221.1.8.mem.ro, ip 0x117 (0x115), dict #8.1.2.hash>
== stack (#222.1.1.array) ==
  [0] #242.2.1.num.int <88 (0x58)>
  [1] #237.2.1.num.int <19 (0x13)>
  [2] #254.1.2.mem.str <size 5, "A1265">
IP: #221:0x117, type 8, 280[6]
GC: --#242.2.1.num.int
GC: --#237.2.1.num.int
== backtrace ==
  [0] #223.1.1.ctx.func <code #221.1.8.mem.ro, ip 0x11e (0x117), dict #8.1.2.hash>
== stack (#222.1.1.array) ==
  [0] #254.1.2.mem.str <size 20, "A1265              X">
IP: #221:0x11e, type 8, 287[3]
GC: --#254.1.2.mem.str
== backtrace ==
  [0] #223.1.1.ctx.func <code #221.1.8.mem.ro, ip 0x122 (0x11e), dict #8.1.2.hash>
== stack (#222.1.1.array) ==
IP: #221:0x122, type 8, 291[5]
GC: ++#229.1.1.array
== backtrace ==
  [0] #223.1.1.ctx.func <code #221.1.8.mem.ro, ip 0x128 (0x122), dict #8.1.2.hash>
== stack (#222.1.1.array) ==
  [0] #229.1.2.array <size 11, max 20>
IP: #221:0x128, type 6, 297[1]
GC: ++#221.1.8.mem.ro
== backtrace ==
  [0] #223.1.1.ctx.func <code #221.1.9.mem.ro, ip 0x12a (0x128), dict #8.1.2.hash>
== stack (#222.1.1.array) ==
  [0] #243.2.1.mem.code.ro <#221.1.9.mem.ro, ofs 0x129, size 1>
  [1] #229.1.2.array <size 11, max 20>
IP: #221:0x12a, type 8, 299[6]
GC: ++#231.1.1.num.int
GC: ++#243.2.1.mem.code.ro
GC: ++#229.1.2.array
GC: --#243.2.2.mem.code.ro
GC: --#229.1.3.array
== backtrace ==
  [0] #252.2.1.ctx.forall <code #243.2.1.mem.code.ro, ip 0x0 (0x0), index 1, iterate #229.1.2.array>
  [1] #223.1.1.ctx.func <code #221.1.9.mem.ro, ip 0x131 (0x12a), dict #8.1.2.hash>
== stack (#222.1.1.array) ==
  [0] #231.1.2.num.int <100 (0x64)>
IP: #243:0x0, type 3, 1 (0x1)
GC: ++#225.1.1.num.int
== backtrace ==
  [0] #252.2.1.ctx.forall <code #243.2.1.mem.code.ro, ip 0x0 (0x0), index 2, iterate #229.1.2.array>
  [1] #223.1.1.ctx.func <code #221.1.9.mem.ro, ip 0x131 (0x12a), dict #8.1.2.hash>
== stack (#222.1.1.array) ==
  [0] #225.1.2.num.int <10 (0xa)>
  [1] #231.1.2.num.int <100 (0x64)>
IP: #243:0x0, type 3, 1 (0x1)
GC: ++#226.1.1.num.int
== backtrace ==
  [0] #252.2.1.ctx.forall <code #243.2.1.mem.code.ro, ip 0x0 (0x0), index 3, iterate #229.1.2.array>
  [1] #223.1.1.ctx.func <code #221.1.9.mem.ro, ip 0x131 (0x12a), dict #8.1.2.hash>
== stack (#222.1.1.array) ==
  [0] #226.1.2.num.int <20 (0x14)>
  [1] #225.1.2.num.int <10 (0xa)>
  [2] #231.1.2.num.int <100 (0x64)>
IP: #243:0x0, type 3, 1 (0x1)
GC: ++#227.1.1.num.int
== backtrace ==
  [0] #252.2.1.ctx.forall <code #243.2.1.mem.code.ro, ip 0x0 (0x0), index 4, iterate #229.1.2.array>
  [1] #223.1.1.ctx.func <code #221.1.9.mem.ro, ip 0x131 (0x12a), dict #8.1.2.hash>
== stack (#222.1.1.array) ==
  [0] #227.1.2.num.int <30 (0x1e)>
  [1] #226.1.2.num.int <20 (0x14)>
  [2] #225.1.2.num.int <10 (0xa)>
  [3] #231.1.2.num.int <100 (0x64)>
IP: #243:0x0, type 3, 1 (0x1)
GC: ++#236.1.1.num.int
== backtrace ==
  [0] #252.2.1.ctx.forall <code #243.2.1.mem.code.ro, ip 0x0 (0x0), index 5, iterate #229.1.2.array>
  [1] #223.1.1.ctx.func <code #221.1.9.mem.ro, ip 0x131 (0x12a), dict #8.1.2.hash>
== stack (#222.1.1.array) ==
  [0] #236.1.2.num.int <500 (0x1f4)>
  [1] #227.1.2.num.int <30 (0x1e)>
  [2] #226.1.2.num.int <20 (0x14)>
  [3] #225.1.2.num.int <10 (0xa)>
  [4] #231.1.2.num.int <100 (0x64)>
IP: #243:0x0, type 3, 1 (0x1)
GC: ++#234.1.1.num.int
== backtrace ==
  [0] #252.2.1.ctx.forall <code #243.2.1.mem.code.ro, ip 0x0 (0x0), index 6, iterate #229.1.2.array>
  [1] #223.1.1.ctx.func <code #221.1.9.mem.ro, ip 0x131 (0x12a), dict #8.1.2.hash>
== stack (#222.1.1.array) ==
  [0] #234.1.2.num.int <400 (0x190)>
  [1] #236.1.2.num.int <500 (0x1f4)>
  [2] #227.1.2.num.int <30 (0x1e)>
  [3] #226.1.2.num.int <20 (0x14)>
  [4] #225.1.2.num.int <10 (0xa)>
  [5] #231.1.2.num.int <100 (0x64)>
IP: #243:0x0, type 3, 1 (0x1)
GC: ++#228.1.1.num.int
== backtrace ==
  [0] #252.2.1.ctx.forall <code #243.2.1.mem.code.ro, ip 0x0 (0x0), index 7, iterate #229.1.2.array>
  [1] #223.1.1.ctx.func <code #221.1.9.mem.ro, ip 0x131 (0x12a), dict #8.1.2.hash>
== stack (#222.1.1.array) ==
  [0] #228.1.2.num.int <40 (0x28)>
  [1] #234.1.2.num.int <400 (0x190)>
  [2] #236.1.2.num.int <500 (0x1f4)>
  [3] #227.1.2.num.int <30 (0x1e)>
  [4] #226.1.2.num.int <20 (0x14)>
  [5] #225.1.2.num.int <10 (0xa)>
  [6] #231.1.2.num.int <100 (0x64)>
IP: #243:0x0, type 3, 1 (0x1)
== backtrace ==
  [0] #252.2.1.ctx.forall <code #243.2.1.mem.code.ro, ip 0x0 (0x0), index 8, iterate #229.1.2.array>
  [1] #223.1.1.ctx.func <code #221.1.9.mem.ro, ip 0x131 (0x12a), dict #8.1.2.hash>
== stack (#222.1.1.array) ==
  [0] #0.0.nil <nil>
  [1] #228.1.2.num.int <40 (0x28)>
  [2] #234.1.2.num.int <400 (0x190)>
  [3] #236.1.2.num.int <500 (0x1f4)>
  [4] #227.1.2.num.int <30 (0x1e)>
  [5] #226.1.2.num.int <20 (0x14)>
  [6] #225.1.2.num.int <10 (0xa)>
  [7] #231.1.2.num.int <100 (0x64)>
IP: #243:0x0, type 3, 1 (0x1)
== backtrace ==
  [0] #252.2.1.ctx.forall <code #243.2.1.mem.code.ro, ip 0x0 (0x0), index 9, iterate #229.1.2.array>
  [1] #223.1.1.ctx.func <code #221.1.9.mem.ro, ip 0x131 (0x12a), dict #8.1.2.hash>
== stack (#222.1.1.array) ==
  [0] #0.0.nil <nil>
  [1] #0.0.nil <nil>
  [2] #228.1.2.num.int <40 (0x28)>
  [3] #234.1.2.num.int <400 (0x190)>
  [4] #236.1.2.num.int <500 (0x1f4)>
  [5] #227.1.2.num.int <30 (0x1e)>
  [6] #226.1.2.num.int <20 (0x14)>
  [7] #225.1.2.num.int <10 (0xa)>
  [8] #231.1.2.num.int <100 (0x64)>
IP: #243:0x0, type 3, 1 (0x1)
== backtrace ==
  [0] #252.2.1.ctx.forall <code #243.2.1.mem.code.ro, ip 0x0 (0x0), index 10, iterate #229.1.2.array>
  [1] #223.1.1.ctx.func <code #221.1.9.mem.ro, ip 0x131 (0x12a), dict #8.1.2.hash>
== stack (#222.1.1.array) ==
  [0] #0.0.nil <nil>
  [1] #0.0.nil <nil>
  [2] #0.0.nil <nil>
  [3] #228.1.2.num.int <40 (0x28)>
  [4] #234.1.2.num.int <400 (0x190)>
  [5] #236.1.2.num.int <500 (0x1f4)>
  [6] #227.1.2.num.int <30 (0x1e)>
  [7] #226.1.2.num.int <20 (0x14)>
  [8] #225.1.2.num.int <10 (0xa)>
  [9] #231.1.2.num.int <100 (0x64)>
IP: #243:0x0, type 3, 1 (0x1)
GC: ++#238.1.1.num.int
== backtrace ==
  [0] #252.2.1.ctx.forall <code #243.2.1.mem.code.ro, ip 0x0 (0x0), index 11, iterate #229.1.2.array>
  [1] #223.1.1.ctx.func <code #221.1.9.mem.ro, ip 0x131 (0x12a), dict #8.1.2.hash>
== stack (#222.1.1.array) ==
  [0] #238.1.2.num.int <900 (0x384)>
  [1] #0.0.nil <nil>
  [2] #0.0.nil <nil>
  [3] #0.0.nil <nil>
  [4] #228.1.2.num.int <40 (0x28)>
  [5] #234.1.2.num.int <400 (0x190)>
  [6] #236.1.2.num.int <500 (0x1f4)>
  [7] #227.1.2.num.int <30 (0x1e)>
  [8] #226.1.2.num.int <20 (0x14)>
  [9] #225.1.2.num.int <10 (0xa)>
  [10] #231.1.2.num.int <100 (0x64)>
IP: #243:0x0, type 3, 1 (0x1)
GC: ++#223.1.1.ctx.func
GC: --#252.2.1.ctx.forall
GC: --#223.1.2.ctx.func
GC: --#243.2.1.mem.code.ro
GC: --#229.1.2.array
GC: --#221.1.9.mem.ro
== backtrace ==
  [0] #223.1.1.ctx.func <code #221.1.8.mem.ro, ip 0x131 (0x12a), dict #8.1.2.hash>
== stack (#222.1.1.array) ==
  [0] #238.1.2.num.int <900 (0x384)>
  [1] #0.0.nil <nil>
  [2] #0.0.nil <nil>
  [3] #0.0.nil <nil>
  [4] #228.1.2.num.int <40 (0x28)>
  [5] #234.1.2.num.int <400 (0x190)>
  [6] #236.1.2.num.int <500 (0x1f4)>
  [7] #227.1.2.num.int <30 (0x1e)>
  [8] #226.1.2.num.int <20 (0x14)>
  [9] #225.1.2.num.int <10 (0xa)>
  [10] #231.1.2.num.int <100 (0x64)>
IP: #221:0x131, type 8, 306[5]
GC: ++#246.1.1.hash
== backtrace ==
  [0] #223.1.1.ctx.func <code #221.1.8.mem.ro, ip 0x137 (0x131), dict #8.1.2.hash>
== stack (#222.1.1.array) ==
  [0] #246.1.2.hash <size 4, max 19>
  [1] #238.1.2.num.int <900 (0x384)>
  [2] #0.0.nil <nil>
  [3] #0.0.nil <nil>
  [4] #0.0.nil <nil>
  [5] #228.1.2.num.int <40 (0x28)>
  [6] #234.1.2.num.int <400 (0x190)>
  [7] #236.1.2.num.int <500 (0x1f4)>
  [8] #227.1.2.num.int <30 (0x1e)>
  [9] #226.1.2.num.int <20 (0x14)>
  [10] #225.1.2.num.int <10 (0xa)>
  [11] #231.1.2.num.int <100 (0x64)>
IP: #221:0x137, type 6, 312[1]
GC: ++#221.1.8.mem.ro
== backtrace ==
  [0] #223.1.1.ctx.func <code #221.1.9.mem.ro, ip 0x139 (0x137), dict #8.1.2.hash>
== stack (#222.1.1.array) ==
  [0] #253.2.1.mem.code.ro <#221.1.9.mem.ro, ofs 0x138, size 1>
  [1] #246.1.2.hash <size 4, max 19>
  [2] #238.1.2.num.int <900 (0x384)>
  [3] #0.0.nil <nil>
  [4] #0.0.nil <nil>
  [5] #0.0.nil <nil>
  [6] #228.1.2.num.int <40 (0x28)>
  [7] #234.1.2.num.int <400 (0x190)>
  [8] #236.1.2.num.int <500 (0x1f4)>
  [9] #227.1.2.num.int <30 (0x1e)>
  [10] #226.1.2.num.int <20 (0x14)>
  [11] #225.1.2.num.int <10 (0xa)>
  [12] #231.1.2.num.int <100 (0x64)>
IP: #221:0x139, type 8, 314[6]
GC: ++#240.1.1.mem.str.ro
GC: ++#241.1.1.num.int
GC: ++#253.2.1.mem.code.ro
GC: ++#246.1.2.hash
GC: --#253.2.2.mem.code.ro
GC: --#246.1.3.hash
== backtrace ==
  [0] #255.2.1.ctx.forall <code #253.2.1.mem.code.ro, ip 0x0 (0x0), index 1, iterate #246.1.2.hash>
  [1] #223.1.1.ctx.func <code #221.1.9.mem.ro, ip 0x140 (0x139), dict #8.1.2.hash>
== stack (#222.1.1.array) ==
  [0] #241.1.2.num.int <11 (0xb)>
  [1] #240.1.2.mem.str.ro <#221.1.9.mem.ro, ofs 0x7c, size 2, "aa">
  [2] #238.1.2.num.int <900 (0x384)>
  [3] #0.0.nil <nil>
  [4] #0.0.nil <nil>
  [5] #0.0.nil <nil>
  [6] #228.1.2.num.int <40 (0x28)>
  [7] #234.1.2.num.int <400 (0x190)>
  [8] #236.1.2.num.int <500 (0x1f4)>
  [9] #227.1.2.num.int <30 (0x1e)>
  [10] #226.1.2.num.int <20 (0x14)>
  [11] #225.1.2.num.int <10 (0xa)>
  [12] #231.1.2.num.int <100 (0x64)>
IP: #253:0x0, type 3, 1 (0x1)
GC: ++#247.1.1.mem.str.ro
GC: ++#248.1.1.num.int
== backtrace ==
  [0] #255.2.1.ctx.forall <code #253.2.1.mem.code.ro, ip 0x0 (0x0), index 2, iterate #246.1.2.hash>
  [1] #223.1.1.ctx.func <code #221.1.9.mem.ro, ip 0x140 (0x139), dict #8.1.2.hash>
== stack (#222.1.1.array) ==
  [0] #248.1.2.num.int <222 (0xde)>
  [1] #247.1.2.mem.str.ro <#221.1.9.mem.ro, ofs 0x97, size 2, "bb">
  [2] #241.1.2.num.int <11 (0xb)>
  [3] #240.1.2.mem.str.ro <#221.1.9.mem.ro, ofs 0x7c, size 2, "aa">
  [4] #238.1.2.num.int <900 (0x384)>
  [5] #0.0.nil <nil>
  [6] #0.0.nil <nil>
  [7] #0.0.nil <nil>
  [8] #228.1.2.num.int <40 (0x28)>
  [9] #234.1.2.num.int <400 (0x190)>
  [10] #236.1.2.num.int <500 (0x1f4)>
  [11] #227.1.2.num.int <30 (0x1e)>
  [12] #226.1.2.num.int <20 (0x14)>
  [13] #225.1.2.num.int <10 (0xa)>
  [14] #231.1.2.num.int <100 (0x64)>
IP: #253:0x0, type 3, 1 (0x1)
GC: ++#244.1.1.mem.str.ro
GC: ++#245.1.1.num.int
== backtrace ==
  [0] #255.2.1.ctx.forall <code #253.2.1.mem.code.ro, ip 0x0 (0x0), index 3, iterate #246.1.2.hash>
  [1] #223.1.1.ctx.func <code #221.1.9.mem.ro, ip 0x140 (0x139), dict #8.1.2.hash>
== stack (#222.1.1.array) ==
  [0] #245.1.2.num.int <33 (0x21)>
  [1] #244.1.2.mem.str.ro <#221.1.9.mem.ro, ofs 0x86, size 2, "cc">
  [2] #248.1.2.num.int <222 (0xde)>
  [3] #247.1.2.mem.str.ro <#221.1.9.mem.ro, ofs 0x97, size 2, "bb">
  [4] #241.1.2.num.int <11 (0xb)>
  [5] #240.1.2.mem.str.ro <#221.1.9.mem.ro, ofs 0x7c, size 2, "aa">
  [6] #238.1.2.num.int <900 (0x384)>
  [7] #0.0.nil <nil>
  [8] #0.0.nil <nil>
  [9] #0.0.nil <nil>
  [10] #228.1.2.num.int <40 (0x28)>
  [11] #234.1.2.num.int <400 (0x190)>
  [12] #236.1.2.num.int <500 (0x1f4)>
  [13] #227.1.2.num.int <30 (0x1e)>
  [14] #226.1.2.num.int <20 (0x14)>
  [15] #225.1.2.num.int <10 (0xa)>
  [16] #231.1.2.num.int <100 (0x64)>
IP: #253:0x0, type 3, 1 (0x1)
GC: ++#249.1.1.mem.str.ro
GC: ++#250.1.1.num.int
== backtrace ==
  [0] #255.2.1.ctx.forall <code #253.2.1.mem.code.ro, ip 0x0 (0x0), index 4, iterate #246.1.2.hash>
  [1] #223.1.1.ctx.func <code #221.1.9.mem.ro, ip 0x140 (0x139), dict #8.1.2.hash>
== stack (#222.1.1.array) ==
  [0] #250.1.2.num.int <444 (0x1bc)>
  [1] #249.1.2.mem.str.ro <#221.1.9.mem.ro, ofs 0xae, size 2, "dd">
  [2] #245.1.2.num.int <33 (0x21)>
  [3] #244.1.2.mem.str.ro <#221.1.9.mem.ro, ofs 0x86, size 2, "cc">
  [4] #248.1.2.num.int <222 (0xde)>
  [5] #247.1.2.mem.str.ro <#221.1.9.mem.ro, ofs 0x97, size 2, "bb">
  [6] #241.1.2.num.int <11 (0xb)>
  [7] #240.1.2.mem.str.ro <#221.1.9.mem.ro, ofs 0x7c, size 2, "aa">
  [8] #238.1.2.num.int <900 (0x384)>
  [9] #0.0.nil <nil>
  [10] #0.0.nil <nil>
  [11] #0.0.nil <nil>
  [12] #228.1.2.num.int <40 (0x28)>
  [13] #234.1.2.num.int <400 (0x190)>
  [14] #236.1.2.num.int <500 (0x1f4)>
  [15] #227.1.2.num.int <30 (0x1e)>
  [16] #226.1.2.num.int <20 (0x14)>
  [17] #225.1.2.num.int <10 (0xa)>
  [18] #231.1.2.num.int <100 (0x64)>
IP: #253:0x0, type 3, 1 (0x1)
GC: ++#223.1.1.ctx.func
GC: --#255.2.1.ctx.forall
GC: --#223.1.2.ctx.func
GC: --#253.2.1.mem.code.ro
GC: --#246.1.2.hash
GC: --#221.1.9.mem.ro
== backtrace ==
  [0] #223.1.1.ctx.func <code #221.1.8.mem.ro, ip 0x140 (0x139), dict #8.1.2.hash>
== stack (#222.1.1.array) ==
  [0] #250.1.2.num.int <444 (0x1bc)>
  [1] #249.1.2.mem.str.ro <#221.1.8.mem.ro, ofs 0xae, size 2, "dd">
  [2] #245.1.2.num.int <33 (0x21)>
  [3] #244.1.2.mem.str.ro <#221.1.8.mem.ro, ofs 0x86, size 2, "cc">
  [4] #248.1.2.num.int <222 (0xde)>
  [5] #247.1.2.mem.str.ro <#221.1.8.mem.ro, ofs 0x97, size 2, "bb">
  [6] #241.1.2.num.int <11 (0xb)>
  [7] #240.1.2.mem.str.ro <#221.1.8.mem.ro, ofs 0x7c, size 2, "aa">
  [8] #238.1.2.num.int <900 (0x384)>
  [9] #0.0.nil <nil>
  [10] #0.0.nil <nil>
  [11] #0.0.nil <nil>
  [12] #228.1.2.num.int <40 (0x28)>
  [13] #234.1.2.num.int <400 (0x190)>
  [14] #236.1.2.num.int <500 (0x1f4)>
  [15] #227.1.2.num.int <30 (0x1e)>
  [16] #226.1.2.num.int <20 (0x14)>
  [17] #225.1.2.num.int <10 (0xa)>
  [18] #231.1.2.num.int <100 (0x64)>
IP: #221:0x140, type 8, 321[5]
GC: ++#254.1.1.mem.str
== backtrace ==
  [0] #223.1.1.ctx.func <code #221.1.8.mem.ro, ip 0x146 (0x140), dict #8.1.2.hash>
== stack (#222.1.1.array) ==
  [0] #254.1.2.mem.str <size 20, "A1265              X">
  [1] #250.1.2.num.int <444 (0x1bc)>
  [2] #249.1.2.mem.str.ro <#221.1.8.mem.ro, ofs 0xae, size 2, "dd">
  [3] #245.1.2.num.int <33 (0x21)>
  [4] #244.1.2.mem.str.ro <#221.1.8.mem.ro, ofs 0x86, size 2, "cc">
  [5] #248.1.2.num.int <222 (0xde)>
  [6] #247.1.2.mem.str.ro <#221.1.8.mem.ro, ofs 0x97, size 2, "bb">
  [7] #241.1.2.num.int <11 (0xb)>
  [8] #240.1.2.mem.str.ro <#221.1.8.mem.ro, ofs 0x7c, size 2, "aa">
  [9] #238.1.2.num.int <900 (0x384)>
  [10] #0.0.nil <nil>
  [11] #0.0.nil <nil>
  [12] #0.0.nil <nil>
  [13] #228.1.2.num.int <40 (0x28)>
  [14] #234.1.2.num.int <400 (0x190)>
  [15] #236.1.2.num.int <500 (0x1f4)>
  [16] #227.1.2.num.int <30 (0x1e)>
  [17] #226.1.2.num.int <20 (0x14)>
  [18] #225.1.2.num.int <10 (0xa)>
  [19] #231.1.2.num.int <100 (0x64)>
