# ---  trace  ---
IP: #186:0x0, type 5, 1[7]
== backtrace ==
  [0] #188.1.1.ctx.func <code #186.1.1.mem.ro, ip 0x8 (0x0), dict #4.1.2.hash>
== stack (#187.1.1.array) ==
IP: #186:0x8, type 2, 1 (0x1)
== backtrace ==
  [0] #188.1.1.ctx.func <code #186.1.1.mem.ro, ip 0x9 (0x8), dict #4.1.2.hash>
== stack (#187.1.1.array) ==
  [0] #189.1.1.num.bool <1 (0x1)>
IP: #186:0x9, type 2, 1 (0x1)
== backtrace ==
  [0] #188.1.1.ctx.func <code #186.1.1.mem.ro, ip 0xa (0x9), dict #4.1.2.hash>
== stack (#187.1.1.array) ==
  [0] #190.1.1.num.bool <1 (0x1)>
  [1] #189.1.1.num.bool <1 (0x1)>
IP: #186:0xa, type 8, 11[2]
GC: --#190.1.1.num.bool
GC: --#189.1.1.num.bool
== backtrace ==
  [0] #188.1.1.ctx.func <code #186.1.1.mem.ro, ip 0xd (0xa), dict #4.1.2.hash>
== stack (#187.1.1.array) ==
  [0] #191.1.1.num.bool <1 (0x1)>
IP: #186:0xd, type 2, 1 (0x1)
== backtrace ==
  [0] #188.1.1.ctx.func <code #186.1.1.mem.ro, ip 0xe (0xd), dict #4.1.2.hash>
== stack (#187.1.1.array) ==
  [0] #193.1.1.num.bool <1 (0x1)>
  [1] #191.1.1.num.bool <1 (0x1)>
IP: #186:0xe, type 2, 0 (0x0)
== backtrace ==
  [0] #188.1.1.ctx.func <code #186.1.1.mem.ro, ip 0xf (0xe), dict #4.1.2.hash>
== stack (#187.1.1.array) ==
  [0] #194.1.1.num.bool <0 (0x0)>
  [1] #193.1.1.num.bool <1 (0x1)>
  [2] #191.1.1.num.bool <1 (0x1)>
IP: #186:0xf, type 8, 16[2]
GC: --#194.1.1.num.bool
GC: --#193.1.1.num.bool
== backtrace ==
  [0] #188.1.1.ctx.func <code #186.1.1.mem.ro, ip 0x12 (0xf), dict #4.1.2.hash>
== stack (#187.1.1.array) ==
  [0] #195.1.1.num.bool <1 (0x1)>
  [1] #191.1.1.num.bool <1 (0x1)>
IP: #186:0x12, type 2, 0 (0x0)
== backtrace ==
  [0] #188.1.1.ctx.func <code #186.1.1.mem.ro, ip 0x13 (0x12), dict #4.1.2.hash>
== stack (#187.1.1.array) ==
  [0] #196.1.1.num.bool <0 (0x0)>
  [1] #195.1.1.num.bool <1 (0x1)>
  [2] #191.1.1.num.bool <1 (0x1)>
IP: #186:0x13, type 2, 1 (0x1)
== backtrace ==
  [0] #188.1.1.ctx.func <code #186.1.1.mem.ro, ip 0x14 (0x13), dict #4.1.2.hash>
== stack (#187.1.1.array) ==
  [0] #197.1.1.num.bool <1 (0x1)>
  [1] #196.1.1.num.bool <0 (0x0)>
  [2] #195.1.1.num.bool <1 (0x1)>
  [3] #191.1.1.num.bool <1 (0x1)>
IP: #186:0x14, type 8, 21[2]
GC: --#197.1.1.num.bool
GC: --#196.1.1.num.bool
== backtrace ==
  [0] #188.1.1.ctx.func <code #186.1.1.mem.ro, ip 0x17 (0x14), dict #4.1.2.hash>
== stack (#187.1.1.array) ==
  [0] #198.1.1.num.bool <1 (0x1)>
  [1] #195.1.1.num.bool <1 (0x1)>
  [2] #191.1.1.num.bool <1 (0x1)>
IP: #186:0x17, type 2, 0 (0x0)
== backtrace ==
  [0] #188.1.1.ctx.func <code #186.1.1.mem.ro, ip 0x18 (0x17), dict #4.1.2.hash>
== stack (#187.1.1.array) ==
  [0] #199.1.1.num.bool <0 (0x0)>
  [1] #198.1.1.num.bool <1 (0x1)>
  [2] #195.1.1.num.bool <1 (0x1)>
  [3] #191.1.1.num.bool <1 (0x1)>
IP: #186:0x18, type 2, 0 (0x0)
== backtrace ==
  [0] #188.1.1.ctx.func <code #186.1.1.mem.ro, ip 0x19 (0x18), dict #4.1.2.hash>
== stack (#187.1.1.array) ==
  [0] #200.1.1.num.bool <0 (0x0)>
  [1] #199.1.1.num.bool <0 (0x0)>
  [2] #198.1.1.num.bool <1 (0x1)>
  [3] #195.1.1.num.bool <1 (0x1)>
  [4] #191.1.1.num.bool <1 (0x1)>
IP: #186:0x19, type 8, 26[2]
GC: --#200.1.1.num.bool
GC: --#199.1.1.num.bool
== backtrace ==
  [0] #188.1.1.ctx.func <code #186.1.1.mem.ro, ip 0x1c (0x19), dict #4.1.2.hash>
== stack (#187.1.1.array) ==
  [0] #201.1.1.num.bool <0 (0x0)>
  [1] #198.1.1.num.bool <1 (0x1)>
  [2] #195.1.1.num.bool <1 (0x1)>
  [3] #191.1.1.num.bool <1 (0x1)>
IP: #186:0x1c, type 1, 240 (0xf0)
== backtrace ==
  [0] #188.1.1.ctx.func <code #186.1.1.mem.ro, ip 0x1f (0x1c), dict #4.1.2.hash>
== stack (#187.1.1.array) ==
  [0] #202.1.1.num.int <240 (0xf0)>
  [1] #201.1.1.num.bool <0 (0x0)>
  [2] #198.1.1.num.bool <1 (0x1)>
  [3] #195.1.1.num.bool <1 (0x1)>
  [4] #191.1.1.num.bool <1 (0x1)>
IP: #186:0x1f, type 1, 53 (0x35)
== backtrace ==
  [0] #188.1.1.ctx.func <code #186.1.1.mem.ro, ip 0x21 (0x1f), dict #4.1.2.hash>
== stack (#187.1.1.array) ==
  [0] #203.1.1.num.int <53 (0x35)>
  [1] #202.1.1.num.int <240 (0xf0)>
  [2] #201.1.1.num.bool <0 (0x0)>
  [3] #198.1.1.num.bool <1 (0x1)>
  [4] #195.1.1.num.bool <1 (0x1)>
  [5] #191.1.1.num.bool <1 (0x1)>
IP: #186:0x21, type 8, 34[2]
GC: --#203.1.1.num.int
GC: --#202.1.1.num.int
== backtrace ==
  [0] #188.1.1.ctx.func <code #186.1.1.mem.ro, ip 0x24 (0x21), dict #4.1.2.hash>
== stack (#187.1.1.array) ==
  [0] #204.1.1.num.int <245 (0xf5)>
  [1] #201.1.1.num.bool <0 (0x0)>
  [2] #198.1.1.num.bool <1 (0x1)>
  [3] #195.1.1.num.bool <1 (0x1)>
  [4] #191.1.1.num.bool <1 (0x1)>
IP: #186:0x24, type 1, 131 (0x83)
== backtrace ==
  [0] #188.1.1.ctx.func <code #186.1.1.mem.ro, ip 0x27 (0x24), dict #4.1.2.hash>
== stack (#187.1.1.array) ==
  [0] #205.1.1.num.int <131 (0x83)>
  [1] #204.1.1.num.int <245 (0xf5)>
  [2] #201.1.1.num.bool <0 (0x0)>
  [3] #198.1.1.num.bool <1 (0x1)>
  [4] #195.1.1.num.bool <1 (0x1)>
  [5] #191.1.1.num.bool <1 (0x1)>
IP: #186:0x27, type 2, 1 (0x1)
== backtrace ==
  [0] #188.1.1.ctx.func <code #186.1.1.mem.ro, ip 0x28 (0x27), dict #4.1.2.hash>
== stack (#187.1.1.array) ==
  [0] #206.1.1.num.bool <1 (0x1)>
  [1] #205.1.1.num.int <131 (0x83)>
  [2] #204.1.1.num.int <245 (0xf5)>
  [3] #201.1.1.num.bool <0 (0x0)>
  [4] #198.1.1.num.bool <1 (0x1)>
  [5] #195.1.1.num.bool <1 (0x1)>
  [6] #191.1.1.num.bool <1 (0x1)>
IP: #186:0x28, type 8, 41[2]
GC: --#206.1.1.num.bool
GC: --#205.1.1.num.int
== backtrace ==
  [0] #188.1.1.ctx.func <code #186.1.1.mem.ro, ip 0x2b (0x28), dict #4.1.2.hash>
== stack (#187.1.1.array) ==
  [0] #207.1.1.num.int <131 (0x83)>
  [1] #204.1.1.num.int <245 (0xf5)>
  [2] #201.1.1.num.bool <0 (0x0)>
  [3] #198.1.1.num.bool <1 (0x1)>
  [4] #195.1.1.num.bool <1 (0x1)>
  [5] #191.1.1.num.bool <1 (0x1)>
IP: #186:0x2b, type 2, 1 (0x1)
== backtrace ==
  [0] #188.1.1.ctx.func <code #186.1.1.mem.ro, ip 0x2c (0x2b), dict #4.1.2.hash>
== stack (#187.1.1.array) ==
  [0] #208.1.1.num.bool <1 (0x1)>
  [1] #207.1.1.num.int <131 (0x83)>
  [2] #204.1.1.num.int <245 (0xf5)>
  [3] #201.1.1.num.bool <0 (0x0)>
  [4] #198.1.1.num.bool <1 (0x1)>
  [5] #195.1.1.num.bool <1 (0x1)>
  [6] #191.1.1.num.bool <1 (0x1)>
IP: #186:0x2c, type 1, 131 (0x83)
== backtrace ==
  [0] #188.1.1.ctx.func <code #186.1.1.mem.ro, ip 0x2f (0x2c), dict #4.1.2.hash>
== stack (#187.1.1.array) ==
  [0] #209.1.1.num.int <131 (0x83)>
  [1] #208.1.1.num.bool <1 (0x1)>
  [2] #207.1.1.num.int <131 (0x83)>
  [3] #204.1.1.num.int <245 (0xf5)>
  [4] #201.1.1.num.bool <0 (0x0)>
  [5] #198.1.1.num.bool <1 (0x1)>
  [6] #195.1.1.num.bool <1 (0x1)>
  [7] #191.1.1.num.bool <1 (0x1)>
IP: #186:0x2f, type 8, 48[2]
GC: --#209.1.1.num.int
GC: --#208.1.1.num.bool
== backtrace ==
  [0] #188.1.1.ctx.func <code #186.1.1.mem.ro, ip 0x32 (0x2f), dict #4.1.2.hash>
== stack (#187.1.1.array) ==
  [0] #210.1.1.num.bool <1 (0x1)>
  [1] #207.1.1.num.int <131 (0x83)>
  [2] #204.1.1.num.int <245 (0xf5)>
  [3] #201.1.1.num.bool <0 (0x0)>
  [4] #198.1.1.num.bool <1 (0x1)>
  [5] #195.1.1.num.bool <1 (0x1)>
  [6] #191.1.1.num.bool <1 (0x1)>
