# ---  trace  ---
== backtrace ==
  [0] #xxxx.1.1.ctx.func <code #xxxx.1.1.mem.ro, dict #xxxx.1.2.hash>
== stack (#xxxx.1.1.array) ==
== backtrace ==
  [0] #xxxx.1.1.ctx.func <code #xxxx.1.1.mem.ro, dict #xxxx.1.2.hash>
== stack (#xxxx.1.1.array) ==
  [0] #xxxx.1.1.num.int <5 (0x5)>
== backtrace ==
  [0] #xxxx.1.1.ctx.func <code #xxxx.1.1.mem.ro, dict #xxxx.1.2.hash>
== stack (#xxxx.1.1.array) ==
  [0] #xxxx.1.1.num.int <5 (0x5)>
  [1] #xxxx.1.1.num.int <5 (0x5)>
GC: --#xxxx.1.1.num.int
GC: --#xxxx.1.1.num.int
== backtrace ==
  [0] #xxxx.1.1.ctx.func <code #xxxx.1.1.mem.ro, dict #xxxx.1.2.hash>
== stack (#xxxx.1.1.array) ==
  [0] #xxxx.1.1.num.bool <0 (0x0)>
== backtrace ==
  [0] #xxxx.1.1.ctx.func <code #xxxx.1.1.mem.ro, dict #xxxx.1.2.hash>
== stack (#xxxx.1.1.array) ==
  [0] #xxxx.1.1.num.int <5 (0x5)>
  [1] #xxxx.1.1.num.bool <0 (0x0)>
== backtrace ==
  [0] #xxxx.1.1.ctx.func <code #xxxx.1.1.mem.ro, dict #xxxx.1.2.hash>
== stack (#xxxx.1.1.array) ==
  [0] #xxxx.1.1.num.int <6 (0x6)>
  [1] #xxxx.1.1.num.int <5 (0x5)>
  [2] #xxxx.1.1.num.bool <0 (0x0)>
GC: --#xxxx.1.1.num.int
GC: --#xxxx.1.1.num.int
== backtrace ==
  [0] #xxxx.1.1.ctx.func <code #xxxx.1.1.mem.ro, dict #xxxx.1.2.hash>
== stack (#xxxx.1.1.array) ==
  [0] #xxxx.1.1.num.bool <1 (0x1)>
  [1] #xxxx.1.1.num.bool <0 (0x0)>
== backtrace ==
  [0] #xxxx.1.1.ctx.func <code #xxxx.1.1.mem.ro, dict #xxxx.1.2.hash>
== stack (#xxxx.1.1.array) ==
  [0] #xxxx.1.1.num.int <6 (0x6)>
  [1] #xxxx.1.1.num.bool <1 (0x1)>
  [2] #xxxx.1.1.num.bool <0 (0x0)>
== backtrace ==
  [0] #xxxx.1.1.ctx.func <code #xxxx.1.1.mem.ro, dict #xxxx.1.2.hash>
== stack (#xxxx.1.1.array) ==
  [0] #xxxx.1.1.num.int <5 (0x5)>
  [1] #xxxx.1.1.num.int <6 (0x6)>
  [2] #xxxx.1.1.num.bool <1 (0x1)>
  [3] #xxxx.1.1.num.bool <0 (0x0)>
GC: --#xxxx.1.1.num.int
GC: --#xxxx.1.1.num.int
== backtrace ==
  [0] #xxxx.1.1.ctx.func <code #xxxx.1.1.mem.ro, dict #xxxx.1.2.hash>
== stack (#xxxx.1.1.array) ==
  [0] #xxxx.1.1.num.bool <0 (0x0)>
  [1] #xxxx.1.1.num.bool <1 (0x1)>
  [2] #xxxx.1.1.num.bool <0 (0x0)>
GC: ++#xxxx.1.1.mem.ro
== backtrace ==
  [0] #xxxx.1.1.ctx.func <code #xxxx.1.2.mem.ro, dict #xxxx.1.2.hash>
== stack (#xxxx.1.1.array) ==
  [0] #xxxx.1.1.mem.str.ro <#xxxx.1.2.mem.ro, "abc">
  [1] #xxxx.1.1.num.bool <0 (0x0)>
  [2] #xxxx.1.1.num.bool <1 (0x1)>
  [3] #xxxx.1.1.num.bool <0 (0x0)>
GC: ++#xxxx.1.2.mem.ro
== backtrace ==
  [0] #xxxx.1.1.ctx.func <code #xxxx.1.3.mem.ro, dict #xxxx.1.2.hash>
== stack (#xxxx.1.1.array) ==
  [0] #xxxx.1.1.mem.str.ro <#xxxx.1.3.mem.ro, "abc">
  [1] #xxxx.1.1.mem.str.ro <#xxxx.1.3.mem.ro, "abc">
  [2] #xxxx.1.1.num.bool <0 (0x0)>
  [3] #xxxx.1.1.num.bool <1 (0x1)>
  [4] #xxxx.1.1.num.bool <0 (0x0)>
GC: --#xxxx.1.1.mem.str.ro
GC: --#xxxx.1.3.mem.ro
GC: --#xxxx.1.1.mem.str.ro
GC: --#xxxx.1.2.mem.ro
== backtrace ==
  [0] #xxxx.1.1.ctx.func <code #xxxx.1.1.mem.ro, dict #xxxx.1.2.hash>
== stack (#xxxx.1.1.array) ==
  [0] #xxxx.1.1.num.bool <0 (0x0)>
  [1] #xxxx.1.1.num.bool <0 (0x0)>
  [2] #xxxx.1.1.num.bool <1 (0x1)>
  [3] #xxxx.1.1.num.bool <0 (0x0)>
GC: ++#xxxx.1.1.mem.ro
== backtrace ==
  [0] #xxxx.1.1.ctx.func <code #xxxx.1.2.mem.ro, dict #xxxx.1.2.hash>
== stack (#xxxx.1.1.array) ==
  [0] #xxxx.1.1.mem.str.ro <#xxxx.1.2.mem.ro, "abc">
  [1] #xxxx.1.1.num.bool <0 (0x0)>
  [2] #xxxx.1.1.num.bool <0 (0x0)>
  [3] #xxxx.1.1.num.bool <1 (0x1)>
  [4] #xxxx.1.1.num.bool <0 (0x0)>
GC: ++#xxxx.1.2.mem.ro
== backtrace ==
  [0] #xxxx.1.1.ctx.func <code #xxxx.1.3.mem.ro, dict #xxxx.1.2.hash>
== stack (#xxxx.1.1.array) ==
  [0] #xxxx.1.1.mem.str.ro <#xxxx.1.3.mem.ro, "abd">
  [1] #xxxx.1.1.mem.str.ro <#xxxx.1.3.mem.ro, "abc">
  [2] #xxxx.1.1.num.bool <0 (0x0)>
  [3] #xxxx.1.1.num.bool <0 (0x0)>
  [4] #xxxx.1.1.num.bool <1 (0x1)>
  [5] #xxxx.1.1.num.bool <0 (0x0)>
GC: --#xxxx.1.1.mem.str.ro
GC: --#xxxx.1.3.mem.ro
GC: --#xxxx.1.1.mem.str.ro
GC: --#xxxx.1.2.mem.ro
== backtrace ==
  [0] #xxxx.1.1.ctx.func <code #xxxx.1.1.mem.ro, dict #xxxx.1.2.hash>
== stack (#xxxx.1.1.array) ==
  [0] #xxxx.1.1.num.bool <1 (0x1)>
  [1] #xxxx.1.1.num.bool <0 (0x0)>
  [2] #xxxx.1.1.num.bool <0 (0x0)>
  [3] #xxxx.1.1.num.bool <1 (0x1)>
  [4] #xxxx.1.1.num.bool <0 (0x0)>
GC: ++#xxxx.1.1.mem.ro
== backtrace ==
  [0] #xxxx.1.1.ctx.func <code #xxxx.1.2.mem.ro, dict #xxxx.1.2.hash>
== stack (#xxxx.1.1.array) ==
  [0] #xxxx.1.1.mem.str.ro <#xxxx.1.2.mem.ro, "abc">
  [1] #xxxx.1.1.num.bool <1 (0x1)>
  [2] #xxxx.1.1.num.bool <0 (0x0)>
  [3] #xxxx.1.1.num.bool <0 (0x0)>
  [4] #xxxx.1.1.num.bool <1 (0x1)>
  [5] #xxxx.1.1.num.bool <0 (0x0)>
GC: ++#xxxx.1.2.mem.ro
== backtrace ==
  [0] #xxxx.1.1.ctx.func <code #xxxx.1.3.mem.ro, dict #xxxx.1.2.hash>
== stack (#xxxx.1.1.array) ==
  [0] #xxxx.1.1.mem.str.ro <#xxxx.1.3.mem.ro, "abc1">
  [1] #xxxx.1.1.mem.str.ro <#xxxx.1.3.mem.ro, "abc">
  [2] #xxxx.1.1.num.bool <1 (0x1)>
  [3] #xxxx.1.1.num.bool <0 (0x0)>
  [4] #xxxx.1.1.num.bool <0 (0x0)>
  [5] #xxxx.1.1.num.bool <1 (0x1)>
  [6] #xxxx.1.1.num.bool <0 (0x0)>
GC: --#xxxx.1.1.mem.str.ro
GC: --#xxxx.1.3.mem.ro
GC: --#xxxx.1.1.mem.str.ro
GC: --#xxxx.1.2.mem.ro
== backtrace ==
  [0] #xxxx.1.1.ctx.func <code #xxxx.1.1.mem.ro, dict #xxxx.1.2.hash>
== stack (#xxxx.1.1.array) ==
  [0] #xxxx.1.1.num.bool <1 (0x1)>
  [1] #xxxx.1.1.num.bool <1 (0x1)>
  [2] #xxxx.1.1.num.bool <0 (0x0)>
  [3] #xxxx.1.1.num.bool <0 (0x0)>
  [4] #xxxx.1.1.num.bool <1 (0x1)>
  [5] #xxxx.1.1.num.bool <0 (0x0)>
GC: ++#xxxx.1.1.mem.ro
== backtrace ==
  [0] #xxxx.1.1.ctx.func <code #xxxx.1.2.mem.ro, dict #xxxx.1.2.hash>
== stack (#xxxx.1.1.array) ==
  [0] #xxxx.1.1.mem.str.ro <#xxxx.1.2.mem.ro, "abd">
  [1] #xxxx.1.1.num.bool <1 (0x1)>
  [2] #xxxx.1.1.num.bool <1 (0x1)>
  [3] #xxxx.1.1.num.bool <0 (0x0)>
  [4] #xxxx.1.1.num.bool <0 (0x0)>
  [5] #xxxx.1.1.num.bool <1 (0x1)>
  [6] #xxxx.1.1.num.bool <0 (0x0)>
GC: ++#xxxx.1.2.mem.ro
== backtrace ==
  [0] #xxxx.1.1.ctx.func <code #xxxx.1.3.mem.ro, dict #xxxx.1.2.hash>
== stack (#xxxx.1.1.array) ==
  [0] #xxxx.1.1.mem.str.ro <#xxxx.1.3.mem.ro, "abc">
  [1] #xxxx.1.1.mem.str.ro <#xxxx.1.3.mem.ro, "abd">
  [2] #xxxx.1.1.num.bool <1 (0x1)>
  [3] #xxxx.1.1.num.bool <1 (0x1)>
  [4] #xxxx.1.1.num.bool <0 (0x0)>
  [5] #xxxx.1.1.num.bool <0 (0x0)>
  [6] #xxxx.1.1.num.bool <1 (0x1)>
  [7] #xxxx.1.1.num.bool <0 (0x0)>
GC: --#xxxx.1.1.mem.str.ro
GC: --#xxxx.1.3.mem.ro
GC: --#xxxx.1.1.mem.str.ro
GC: --#xxxx.1.2.mem.ro
== backtrace ==
  [0] #xxxx.1.1.ctx.func <code #xxxx.1.1.mem.ro, dict #xxxx.1.2.hash>
== stack (#xxxx.1.1.array) ==
  [0] #xxxx.1.1.num.bool <0 (0x0)>
  [1] #xxxx.1.1.num.bool <1 (0x1)>
  [2] #xxxx.1.1.num.bool <1 (0x1)>
  [3] #xxxx.1.1.num.bool <0 (0x0)>
  [4] #xxxx.1.1.num.bool <0 (0x0)>
  [5] #xxxx.1.1.num.bool <1 (0x1)>
  [6] #xxxx.1.1.num.bool <0 (0x0)>
GC: ++#xxxx.1.1.mem.ro
== backtrace ==
  [0] #xxxx.1.1.ctx.func <code #xxxx.1.2.mem.ro, dict #xxxx.1.2.hash>
== stack (#xxxx.1.1.array) ==
  [0] #xxxx.1.1.mem.str.ro <#xxxx.1.2.mem.ro, "abc1">
  [1] #xxxx.1.1.num.bool <0 (0x0)>
  [2] #xxxx.1.1.num.bool <1 (0x1)>
  [3] #xxxx.1.1.num.bool <1 (0x1)>
  [4] #xxxx.1.1.num.bool <0 (0x0)>
  [5] #xxxx.1.1.num.bool <0 (0x0)>
  [6] #xxxx.1.1.num.bool <1 (0x1)>
  [7] #xxxx.1.1.num.bool <0 (0x0)>
GC: ++#xxxx.1.2.mem.ro
== backtrace ==
  [0] #xxxx.1.1.ctx.func <code #xxxx.1.3.mem.ro, dict #xxxx.1.2.hash>
== stack (#xxxx.1.1.array) ==
  [0] #xxxx.1.1.mem.str.ro <#xxxx.1.3.mem.ro, "abc">
  [1] #xxxx.1.1.mem.str.ro <#xxxx.1.3.mem.ro, "abc1">
  [2] #xxxx.1.1.num.bool <0 (0x0)>
  [3] #xxxx.1.1.num.bool <1 (0x1)>
  [4] #xxxx.1.1.num.bool <1 (0x1)>
  [5] #xxxx.1.1.num.bool <0 (0x0)>
  [6] #xxxx.1.1.num.bool <0 (0x0)>
  [7] #xxxx.1.1.num.bool <1 (0x1)>
  [8] #xxxx.1.1.num.bool <0 (0x0)>
GC: --#xxxx.1.1.mem.str.ro
GC: --#xxxx.1.3.mem.ro
GC: --#xxxx.1.1.mem.str.ro
GC: --#xxxx.1.2.mem.ro
== backtrace ==
  [0] #xxxx.1.1.ctx.func <code #xxxx.1.1.mem.ro, dict #xxxx.1.2.hash>
== stack (#xxxx.1.1.array) ==
  [0] #xxxx.1.1.num.bool <0 (0x0)>
  [1] #xxxx.1.1.num.bool <0 (0x0)>
  [2] #xxxx.1.1.num.bool <1 (0x1)>
  [3] #xxxx.1.1.num.bool <1 (0x1)>
  [4] #xxxx.1.1.num.bool <0 (0x0)>
  [5] #xxxx.1.1.num.bool <0 (0x0)>
  [6] #xxxx.1.1.num.bool <1 (0x1)>
  [7] #xxxx.1.1.num.bool <0 (0x0)>
GC: ++#xxxx.1.1.mem.ro
== backtrace ==
  [0] #xxxx.1.1.ctx.func <code #xxxx.1.2.mem.ro, dict #xxxx.1.2.hash>
== stack (#xxxx.1.1.array) ==
  [0] #xxxx.1.1.mem.str.ro <#xxxx.1.2.mem.ro, "">
  [1] #xxxx.1.1.num.bool <0 (0x0)>
  [2] #xxxx.1.1.num.bool <0 (0x0)>
  [3] #xxxx.1.1.num.bool <1 (0x1)>
  [4] #xxxx.1.1.num.bool <1 (0x1)>
  [5] #xxxx.1.1.num.bool <0 (0x0)>
  [6] #xxxx.1.1.num.bool <0 (0x0)>
  [7] #xxxx.1.1.num.bool <1 (0x1)>
  [8] #xxxx.1.1.num.bool <0 (0x0)>
GC: ++#xxxx.1.2.mem.ro
== backtrace ==
  [0] #xxxx.1.1.ctx.func <code #xxxx.1.3.mem.ro, dict #xxxx.1.2.hash>
== stack (#xxxx.1.1.array) ==
  [0] #xxxx.1.1.mem.str.ro <#xxxx.1.3.mem.ro, "">
  [1] #xxxx.1.1.mem.str.ro <#xxxx.1.3.mem.ro, "">
  [2] #xxxx.1.1.num.bool <0 (0x0)>
  [3] #xxxx.1.1.num.bool <0 (0x0)>
  [4] #xxxx.1.1.num.bool <1 (0x1)>
  [5] #xxxx.1.1.num.bool <1 (0x1)>
  [6] #xxxx.1.1.num.bool <0 (0x0)>
  [7] #xxxx.1.1.num.bool <0 (0x0)>
  [8] #xxxx.1.1.num.bool <1 (0x1)>
  [9] #xxxx.1.1.num.bool <0 (0x0)>
GC: --#xxxx.1.1.mem.str.ro
GC: --#xxxx.1.3.mem.ro
GC: --#xxxx.1.1.mem.str.ro
GC: --#xxxx.1.2.mem.ro
== backtrace ==
  [0] #xxxx.1.1.ctx.func <code #xxxx.1.1.mem.ro, dict #xxxx.1.2.hash>
== stack (#xxxx.1.1.array) ==
  [0] #xxxx.1.1.num.bool <0 (0x0)>
  [1] #xxxx.1.1.num.bool <0 (0x0)>
  [2] #xxxx.1.1.num.bool <0 (0x0)>
  [3] #xxxx.1.1.num.bool <1 (0x1)>
  [4] #xxxx.1.1.num.bool <1 (0x1)>
  [5] #xxxx.1.1.num.bool <0 (0x0)>
  [6] #xxxx.1.1.num.bool <0 (0x0)>
  [7] #xxxx.1.1.num.bool <1 (0x1)>
  [8] #xxxx.1.1.num.bool <0 (0x0)>
GC: ++#xxxx.1.1.mem.ro
== backtrace ==
  [0] #xxxx.1.1.ctx.func <code #xxxx.1.2.mem.ro, dict #xxxx.1.2.hash>
== stack (#xxxx.1.1.array) ==
  [0] #xxxx.1.1.mem.str.ro <#xxxx.1.2.mem.ro, "">
  [1] #xxxx.1.1.num.bool <0 (0x0)>
  [2] #xxxx.1.1.num.bool <0 (0x0)>
  [3] #xxxx.1.1.num.bool <0 (0x0)>
  [4] #xxxx.1.1.num.bool <1 (0x1)>
  [5] #xxxx.1.1.num.bool <1 (0x1)>
  [6] #xxxx.1.1.num.bool <0 (0x0)>
  [7] #xxxx.1.1.num.bool <0 (0x0)>
  [8] #xxxx.1.1.num.bool <1 (0x1)>
  [9] #xxxx.1.1.num.bool <0 (0x0)>
GC: ++#xxxx.1.2.mem.ro
== backtrace ==
  [0] #xxxx.1.1.ctx.func <code #xxxx.1.3.mem.ro, dict #xxxx.1.2.hash>
== stack (#xxxx.1.1.array) ==
  [0] #xxxx.1.1.mem.str.ro <#xxxx.1.3.mem.ro, "a">
  [1] #xxxx.1.1.mem.str.ro <#xxxx.1.3.mem.ro, "">
  [2] #xxxx.1.1.num.bool <0 (0x0)>
  [3] #xxxx.1.1.num.bool <0 (0x0)>
  [4] #xxxx.1.1.num.bool <0 (0x0)>
  [5] #xxxx.1.1.num.bool <1 (0x1)>
  [6] #xxxx.1.1.num.bool <1 (0x1)>
  [7] #xxxx.1.1.num.bool <0 (0x0)>
  [8] #xxxx.1.1.num.bool <0 (0x0)>
  [9] #xxxx.1.1.num.bool <1 (0x1)>
  [10] #xxxx.1.1.num.bool <0 (0x0)>
GC: --#xxxx.1.1.mem.str.ro
GC: --#xxxx.1.3.mem.ro
GC: --#xxxx.1.1.mem.str.ro
GC: --#xxxx.1.2.mem.ro
== backtrace ==
  [0] #xxxx.1.1.ctx.func <code #xxxx.1.1.mem.ro, dict #xxxx.1.2.hash>
== stack (#xxxx.1.1.array) ==
  [0] #xxxx.1.1.num.bool <1 (0x1)>
  [1] #xxxx.1.1.num.bool <0 (0x0)>
  [2] #xxxx.1.1.num.bool <0 (0x0)>
  [3] #xxxx.1.1.num.bool <0 (0x0)>
  [4] #xxxx.1.1.num.bool <1 (0x1)>
  [5] #xxxx.1.1.num.bool <1 (0x1)>
  [6] #xxxx.1.1.num.bool <0 (0x0)>
  [7] #xxxx.1.1.num.bool <0 (0x0)>
  [8] #xxxx.1.1.num.bool <1 (0x1)>
  [9] #xxxx.1.1.num.bool <0 (0x0)>
GC: ++#xxxx.1.1.mem.ro
== backtrace ==
  [0] #xxxx.1.1.ctx.func <code #xxxx.1.2.mem.ro, dict #xxxx.1.2.hash>
== stack (#xxxx.1.1.array) ==
  [0] #xxxx.1.1.mem.str.ro <#xxxx.1.2.mem.ro, "a">
  [1] #xxxx.1.1.num.bool <1 (0x1)>
  [2] #xxxx.1.1.num.bool <0 (0x0)>
  [3] #xxxx.1.1.num.bool <0 (0x0)>
  [4] #xxxx.1.1.num.bool <0 (0x0)>
  [5] #xxxx.1.1.num.bool <1 (0x1)>
  [6] #xxxx.1.1.num.bool <1 (0x1)>
  [7] #xxxx.1.1.num.bool <0 (0x0)>
  [8] #xxxx.1.1.num.bool <0 (0x0)>
  [9] #xxxx.1.1.num.bool <1 (0x1)>
  [10] #xxxx.1.1.num.bool <0 (0x0)>
GC: ++#xxxx.1.2.mem.ro
== backtrace ==
  [0] #xxxx.1.1.ctx.func <code #xxxx.1.3.mem.ro, dict #xxxx.1.2.hash>
== stack (#xxxx.1.1.array) ==
  [0] #xxxx.1.1.mem.str.ro <#xxxx.1.3.mem.ro, "">
  [1] #xxxx.1.1.mem.str.ro <#xxxx.1.3.mem.ro, "a">
  [2] #xxxx.1.1.num.bool <1 (0x1)>
  [3] #xxxx.1.1.num.bool <0 (0x0)>
  [4] #xxxx.1.1.num.bool <0 (0x0)>
  [5] #xxxx.1.1.num.bool <0 (0x0)>
  [6] #xxxx.1.1.num.bool <1 (0x1)>
  [7] #xxxx.1.1.num.bool <1 (0x1)>
  [8] #xxxx.1.1.num.bool <0 (0x0)>
  [9] #xxxx.1.1.num.bool <0 (0x0)>
  [10] #xxxx.1.1.num.bool <1 (0x1)>
  [11] #xxxx.1.1.num.bool <0 (0x0)>
GC: --#xxxx.1.1.mem.str.ro
GC: --#xxxx.1.3.mem.ro
GC: --#xxxx.1.1.mem.str.ro
GC: --#xxxx.1.2.mem.ro
== backtrace ==
  [0] #xxxx.1.1.ctx.func <code #xxxx.1.1.mem.ro, dict #xxxx.1.2.hash>
== stack (#xxxx.1.1.array) ==
  [0] #xxxx.1.1.num.bool <0 (0x0)>
  [1] #xxxx.1.1.num.bool <1 (0x1)>
  [2] #xxxx.1.1.num.bool <0 (0x0)>
  [3] #xxxx.1.1.num.bool <0 (0x0)>
  [4] #xxxx.1.1.num.bool <0 (0x0)>
  [5] #xxxx.1.1.num.bool <1 (0x1)>
  [6] #xxxx.1.1.num.bool <1 (0x1)>
  [7] #xxxx.1.1.num.bool <0 (0x0)>
  [8] #xxxx.1.1.num.bool <0 (0x0)>
  [9] #xxxx.1.1.num.bool <1 (0x1)>
  [10] #xxxx.1.1.num.bool <0 (0x0)>
GC: ++#xxxx.1.1.mem.ro
== backtrace ==
  [0] #xxxx.1.1.ctx.func <code #xxxx.1.2.mem.ro, dict #xxxx.1.2.hash>
== stack (#xxxx.1.1.array) ==
  [0] #xxxx.1.1.mem.ref.ro <#xxxx.1.2.mem.ro, "foo">
  [1] #xxxx.1.1.num.bool <0 (0x0)>
  [2] #xxxx.1.1.num.bool <1 (0x1)>
  [3] #xxxx.1.1.num.bool <0 (0x0)>
  [4] #xxxx.1.1.num.bool <0 (0x0)>
  [5] #xxxx.1.1.num.bool <0 (0x0)>
  [6] #xxxx.1.1.num.bool <1 (0x1)>
  [7] #xxxx.1.1.num.bool <1 (0x1)>
  [8] #xxxx.1.1.num.bool <0 (0x0)>
  [9] #xxxx.1.1.num.bool <0 (0x0)>
  [10] #xxxx.1.1.num.bool <1 (0x1)>
  [11] #xxxx.1.1.num.bool <0 (0x0)>
GC: ++#xxxx.1.2.mem.ro
== backtrace ==
  [0] #xxxx.1.1.ctx.func <code #xxxx.1.3.mem.ro, dict #xxxx.1.2.hash>
== stack (#xxxx.1.1.array) ==
  [0] #xxxx.1.1.mem.str.ro <#xxxx.1.3.mem.ro, "foo">
  [1] #xxxx.1.1.mem.ref.ro <#xxxx.1.3.mem.ro, "foo">
  [2] #xxxx.1.1.num.bool <0 (0x0)>
  [3] #xxxx.1.1.num.bool <1 (0x1)>
  [4] #xxxx.1.1.num.bool <0 (0x0)>
  [5] #xxxx.1.1.num.bool <0 (0x0)>
  [6] #xxxx.1.1.num.bool <0 (0x0)>
  [7] #xxxx.1.1.num.bool <1 (0x1)>
  [8] #xxxx.1.1.num.bool <1 (0x1)>
  [9] #xxxx.1.1.num.bool <0 (0x0)>
  [10] #xxxx.1.1.num.bool <0 (0x0)>
  [11] #xxxx.1.1.num.bool <1 (0x1)>
  [12] #xxxx.1.1.num.bool <0 (0x0)>
GC: --#xxxx.1.1.mem.str.ro
GC: --#xxxx.1.3.mem.ro
GC: --#xxxx.1.1.mem.ref.ro
GC: --#xxxx.1.2.mem.ro
== backtrace ==
  [0] #xxxx.1.1.ctx.func <code #xxxx.1.1.mem.ro, dict #xxxx.1.2.hash>
== stack (#xxxx.1.1.array) ==
  [0] #xxxx.1.1.num.bool <0 (0x0)>
  [1] #xxxx.1.1.num.bool <0 (0x0)>
  [2] #xxxx.1.1.num.bool <1 (0x1)>
  [3] #xxxx.1.1.num.bool <0 (0x0)>
  [4] #xxxx.1.1.num.bool <0 (0x0)>
  [5] #xxxx.1.1.num.bool <0 (0x0)>
  [6] #xxxx.1.1.num.bool <1 (0x1)>
  [7] #xxxx.1.1.num.bool <1 (0x1)>
  [8] #xxxx.1.1.num.bool <0 (0x0)>
  [9] #xxxx.1.1.num.bool <0 (0x0)>
  [10] #xxxx.1.1.num.bool <1 (0x1)>
  [11] #xxxx.1.1.num.bool <0 (0x0)>
== backtrace ==
  [0] #xxxx.1.1.ctx.func <code #xxxx.1.1.mem.ro, dict #xxxx.1.2.hash>
== stack (#xxxx.1.1.array) ==
  [0] #0.0.nil <nil>
  [1] #xxxx.1.1.num.bool <0 (0x0)>
  [2] #xxxx.1.1.num.bool <0 (0x0)>
  [3] #xxxx.1.1.num.bool <1 (0x1)>
  [4] #xxxx.1.1.num.bool <0 (0x0)>
  [5] #xxxx.1.1.num.bool <0 (0x0)>
  [6] #xxxx.1.1.num.bool <0 (0x0)>
  [7] #xxxx.1.1.num.bool <1 (0x1)>
  [8] #xxxx.1.1.num.bool <1 (0x1)>
  [9] #xxxx.1.1.num.bool <0 (0x0)>
  [10] #xxxx.1.1.num.bool <0 (0x0)>
  [11] #xxxx.1.1.num.bool <1 (0x1)>
  [12] #xxxx.1.1.num.bool <0 (0x0)>
== backtrace ==
  [0] #xxxx.1.1.ctx.func <code #xxxx.1.1.mem.ro, dict #xxxx.1.2.hash>
== stack (#xxxx.1.1.array) ==
  [0] #0.0.nil <nil>
  [1] #0.0.nil <nil>
  [2] #xxxx.1.1.num.bool <0 (0x0)>
  [3] #xxxx.1.1.num.bool <0 (0x0)>
  [4] #xxxx.1.1.num.bool <1 (0x1)>
  [5] #xxxx.1.1.num.bool <0 (0x0)>
  [6] #xxxx.1.1.num.bool <0 (0x0)>
  [7] #xxxx.1.1.num.bool <0 (0x0)>
  [8] #xxxx.1.1.num.bool <1 (0x1)>
  [9] #xxxx.1.1.num.bool <1 (0x1)>
  [10] #xxxx.1.1.num.bool <0 (0x0)>
  [11] #xxxx.1.1.num.bool <0 (0x0)>
  [12] #xxxx.1.1.num.bool <1 (0x1)>
  [13] #xxxx.1.1.num.bool <0 (0x0)>
== backtrace ==
  [0] #xxxx.1.1.ctx.func <code #xxxx.1.1.mem.ro, dict #xxxx.1.2.hash>
== stack (#xxxx.1.1.array) ==
  [0] #xxxx.1.1.num.bool <0 (0x0)>
  [1] #xxxx.1.1.num.bool <0 (0x0)>
  [2] #xxxx.1.1.num.bool <0 (0x0)>
  [3] #xxxx.1.1.num.bool <1 (0x1)>
  [4] #xxxx.1.1.num.bool <0 (0x0)>
  [5] #xxxx.1.1.num.bool <0 (0x0)>
  [6] #xxxx.1.1.num.bool <0 (0x0)>
  [7] #xxxx.1.1.num.bool <1 (0x1)>
  [8] #xxxx.1.1.num.bool <1 (0x1)>
  [9] #xxxx.1.1.num.bool <0 (0x0)>
  [10] #xxxx.1.1.num.bool <0 (0x0)>
  [11] #xxxx.1.1.num.bool <1 (0x1)>
  [12] #xxxx.1.1.num.bool <0 (0x0)>
== backtrace ==
  [0] #xxxx.1.1.ctx.func <code #xxxx.1.1.mem.ro, dict #xxxx.1.2.hash>
== stack (#xxxx.1.1.array) ==
  [0] #0.0.nil <nil>
  [1] #xxxx.1.1.num.bool <0 (0x0)>
  [2] #xxxx.1.1.num.bool <0 (0x0)>
  [3] #xxxx.1.1.num.bool <0 (0x0)>
  [4] #xxxx.1.1.num.bool <1 (0x1)>
  [5] #xxxx.1.1.num.bool <0 (0x0)>
  [6] #xxxx.1.1.num.bool <0 (0x0)>
  [7] #xxxx.1.1.num.bool <0 (0x0)>
  [8] #xxxx.1.1.num.bool <1 (0x1)>
  [9] #xxxx.1.1.num.bool <1 (0x1)>
  [10] #xxxx.1.1.num.bool <0 (0x0)>
  [11] #xxxx.1.1.num.bool <0 (0x0)>
  [12] #xxxx.1.1.num.bool <1 (0x1)>
  [13] #xxxx.1.1.num.bool <0 (0x0)>
== backtrace ==
  [0] #xxxx.1.1.ctx.func <code #xxxx.1.1.mem.ro, dict #xxxx.1.2.hash>
== stack (#xxxx.1.1.array) ==
  [0] #xxxx.1.1.num.int <3 (0x3)>
  [1] #0.0.nil <nil>
  [2] #xxxx.1.1.num.bool <0 (0x0)>
  [3] #xxxx.1.1.num.bool <0 (0x0)>
  [4] #xxxx.1.1.num.bool <0 (0x0)>
  [5] #xxxx.1.1.num.bool <1 (0x1)>
  [6] #xxxx.1.1.num.bool <0 (0x0)>
  [7] #xxxx.1.1.num.bool <0 (0x0)>
  [8] #xxxx.1.1.num.bool <0 (0x0)>
  [9] #xxxx.1.1.num.bool <1 (0x1)>
  [10] #xxxx.1.1.num.bool <1 (0x1)>
  [11] #xxxx.1.1.num.bool <0 (0x0)>
  [12] #xxxx.1.1.num.bool <0 (0x0)>
  [13] #xxxx.1.1.num.bool <1 (0x1)>
  [14] #xxxx.1.1.num.bool <0 (0x0)>
GC: --#xxxx.1.1.num.int
== backtrace ==
  [0] #xxxx.1.1.ctx.func <code #xxxx.1.1.mem.ro, dict #xxxx.1.2.hash>
== stack (#xxxx.1.1.array) ==
  [0] #xxxx.1.1.num.bool <1 (0x1)>
  [1] #xxxx.1.1.num.bool <0 (0x0)>
  [2] #xxxx.1.1.num.bool <0 (0x0)>
  [3] #xxxx.1.1.num.bool <0 (0x0)>
  [4] #xxxx.1.1.num.bool <1 (0x1)>
  [5] #xxxx.1.1.num.bool <0 (0x0)>
  [6] #xxxx.1.1.num.bool <0 (0x0)>
  [7] #xxxx.1.1.num.bool <0 (0x0)>
  [8] #xxxx.1.1.num.bool <1 (0x1)>
  [9] #xxxx.1.1.num.bool <1 (0x1)>
  [10] #xxxx.1.1.num.bool <0 (0x0)>
  [11] #xxxx.1.1.num.bool <0 (0x0)>
  [12] #xxxx.1.1.num.bool <1 (0x1)>
  [13] #xxxx.1.1.num.bool <0 (0x0)>
== backtrace ==
  [0] #xxxx.1.1.ctx.func <code #xxxx.1.1.mem.ro, dict #xxxx.1.2.hash>
== stack (#xxxx.1.1.array) ==
  [0] #xxxx.1.1.num.int <5 (0x5)>
  [1] #xxxx.1.1.num.bool <1 (0x1)>
  [2] #xxxx.1.1.num.bool <0 (0x0)>
  [3] #xxxx.1.1.num.bool <0 (0x0)>
  [4] #xxxx.1.1.num.bool <0 (0x0)>
  [5] #xxxx.1.1.num.bool <1 (0x1)>
  [6] #xxxx.1.1.num.bool <0 (0x0)>
  [7] #xxxx.1.1.num.bool <0 (0x0)>
  [8] #xxxx.1.1.num.bool <0 (0x0)>
  [9] #xxxx.1.1.num.bool <1 (0x1)>
  [10] #xxxx.1.1.num.bool <1 (0x1)>
  [11] #xxxx.1.1.num.bool <0 (0x0)>
  [12] #xxxx.1.1.num.bool <0 (0x0)>
  [13] #xxxx.1.1.num.bool <1 (0x1)>
  [14] #xxxx.1.1.num.bool <0 (0x0)>
GC: ++#xxxx.1.1.mem.ro
== backtrace ==
  [0] #xxxx.1.1.ctx.func <code #xxxx.1.2.mem.ro, dict #xxxx.1.2.hash>
== stack (#xxxx.1.1.array) ==
  [0] #xxxx.1.1.mem.str.ro <#xxxx.1.2.mem.ro, "abc">
  [1] #xxxx.1.1.num.int <5 (0x5)>
  [2] #xxxx.1.1.num.bool <1 (0x1)>
  [3] #xxxx.1.1.num.bool <0 (0x0)>
  [4] #xxxx.1.1.num.bool <0 (0x0)>
  [5] #xxxx.1.1.num.bool <0 (0x0)>
  [6] #xxxx.1.1.num.bool <1 (0x1)>
  [7] #xxxx.1.1.num.bool <0 (0x0)>
  [8] #xxxx.1.1.num.bool <0 (0x0)>
  [9] #xxxx.1.1.num.bool <0 (0x0)>
  [10] #xxxx.1.1.num.bool <1 (0x1)>
  [11] #xxxx.1.1.num.bool <1 (0x1)>
  [12] #xxxx.1.1.num.bool <0 (0x0)>
  [13] #xxxx.1.1.num.bool <0 (0x0)>
  [14] #xxxx.1.1.num.bool <1 (0x1)>
  [15] #xxxx.1.1.num.bool <0 (0x0)>
GC: --#xxxx.1.1.mem.str.ro
GC: --#xxxx.1.2.mem.ro
GC: --#xxxx.1.1.num.int
== backtrace ==
  [0] #xxxx.1.1.ctx.func <code #xxxx.1.1.mem.ro, dict #xxxx.1.2.hash>
== stack (#xxxx.1.1.array) ==
  [0] #xxxx.1.1.num.bool <0 (0x0)>
  [1] #xxxx.1.1.num.bool <1 (0x1)>
  [2] #xxxx.1.1.num.bool <0 (0x0)>
  [3] #xxxx.1.1.num.bool <0 (0x0)>
  [4] #xxxx.1.1.num.bool <0 (0x0)>
  [5] #xxxx.1.1.num.bool <1 (0x1)>
  [6] #xxxx.1.1.num.bool <0 (0x0)>
  [7] #xxxx.1.1.num.bool <0 (0x0)>
  [8] #xxxx.1.1.num.bool <0 (0x0)>
  [9] #xxxx.1.1.num.bool <1 (0x1)>
  [10] #xxxx.1.1.num.bool <1 (0x1)>
  [11] #xxxx.1.1.num.bool <0 (0x0)>
  [12] #xxxx.1.1.num.bool <0 (0x0)>
  [13] #xxxx.1.1.num.bool <1 (0x1)>
  [14] #xxxx.1.1.num.bool <0 (0x0)>
GC: ++#xxxx.1.1.mem.ro
== backtrace ==
  [0] #xxxx.1.1.ctx.func <code #xxxx.1.2.mem.ro, dict #xxxx.1.2.hash>
== stack (#xxxx.1.1.array) ==
  [0] #xxxx.1.1.mem.code.ro <#xxxx.1.2.mem.ro>
  [1] #xxxx.1.1.num.bool <0 (0x0)>
  [2] #xxxx.1.1.num.bool <1 (0x1)>
  [3] #xxxx.1.1.num.bool <0 (0x0)>
  [4] #xxxx.1.1.num.bool <0 (0x0)>
  [5] #xxxx.1.1.num.bool <0 (0x0)>
  [6] #xxxx.1.1.num.bool <1 (0x1)>
  [7] #xxxx.1.1.num.bool <0 (0x0)>
  [8] #xxxx.1.1.num.bool <0 (0x0)>
  [9] #xxxx.1.1.num.bool <0 (0x0)>
  [10] #xxxx.1.1.num.bool <1 (0x1)>
  [11] #xxxx.1.1.num.bool <1 (0x1)>
  [12] #xxxx.1.1.num.bool <0 (0x0)>
  [13] #xxxx.1.1.num.bool <0 (0x0)>
  [14] #xxxx.1.1.num.bool <1 (0x1)>
  [15] #xxxx.1.1.num.bool <0 (0x0)>
GC: ++#xxxx.1.2.mem.ro
== backtrace ==
  [0] #xxxx.1.1.ctx.func <code #xxxx.1.3.mem.ro, dict #xxxx.1.2.hash>
== stack (#xxxx.1.1.array) ==
  [0] #xxxx.1.1.mem.code.ro <#xxxx.1.3.mem.ro>
  [1] #xxxx.1.1.mem.code.ro <#xxxx.1.3.mem.ro>
  [2] #xxxx.1.1.num.bool <0 (0x0)>
  [3] #xxxx.1.1.num.bool <1 (0x1)>
  [4] #xxxx.1.1.num.bool <0 (0x0)>
  [5] #xxxx.1.1.num.bool <0 (0x0)>
  [6] #xxxx.1.1.num.bool <0 (0x0)>
  [7] #xxxx.1.1.num.bool <1 (0x1)>
  [8] #xxxx.1.1.num.bool <0 (0x0)>
  [9] #xxxx.1.1.num.bool <0 (0x0)>
  [10] #xxxx.1.1.num.bool <0 (0x0)>
  [11] #xxxx.1.1.num.bool <1 (0x1)>
  [12] #xxxx.1.1.num.bool <1 (0x1)>
  [13] #xxxx.1.1.num.bool <0 (0x0)>
  [14] #xxxx.1.1.num.bool <0 (0x0)>
  [15] #xxxx.1.1.num.bool <1 (0x1)>
  [16] #xxxx.1.1.num.bool <0 (0x0)>
GC: --#xxxx.1.1.mem.code.ro
GC: --#xxxx.1.3.mem.ro
GC: --#xxxx.1.1.mem.code.ro
GC: --#xxxx.1.2.mem.ro
== backtrace ==
  [0] #xxxx.1.1.ctx.func <code #xxxx.1.1.mem.ro, dict #xxxx.1.2.hash>
== stack (#xxxx.1.1.array) ==
  [0] #xxxx.1.1.num.bool <0 (0x0)>
  [1] #xxxx.1.1.num.bool <0 (0x0)>
  [2] #xxxx.1.1.num.bool <1 (0x1)>
  [3] #xxxx.1.1.num.bool <0 (0x0)>
  [4] #xxxx.1.1.num.bool <0 (0x0)>
  [5] #xxxx.1.1.num.bool <0 (0x0)>
  [6] #xxxx.1.1.num.bool <1 (0x1)>
  [7] #xxxx.1.1.num.bool <0 (0x0)>
  [8] #xxxx.1.1.num.bool <0 (0x0)>
  [9] #xxxx.1.1.num.bool <0 (0x0)>
  [10] #xxxx.1.1.num.bool <1 (0x1)>
  [11] #xxxx.1.1.num.bool <1 (0x1)>
  [12] #xxxx.1.1.num.bool <0 (0x0)>
  [13] #xxxx.1.1.num.bool <0 (0x0)>
  [14] #xxxx.1.1.num.bool <1 (0x1)>
  [15] #xxxx.1.1.num.bool <0 (0x0)>
GC: ++#xxxx.1.1.mem.ro
== backtrace ==
  [0] #xxxx.1.1.ctx.func <code #xxxx.1.2.mem.ro, dict #xxxx.1.2.hash>
== stack (#xxxx.1.1.array) ==
  [0] #xxxx.1.1.mem.ref.ro <#xxxx.1.2.mem.ro, "foo_1">
  [1] #xxxx.1.1.num.bool <0 (0x0)>
  [2] #xxxx.1.1.num.bool <0 (0x0)>
  [3] #xxxx.1.1.num.bool <1 (0x1)>
  [4] #xxxx.1.1.num.bool <0 (0x0)>
  [5] #xxxx.1.1.num.bool <0 (0x0)>
  [6] #xxxx.1.1.num.bool <0 (0x0)>
  [7] #xxxx.1.1.num.bool <1 (0x1)>
  [8] #xxxx.1.1.num.bool <0 (0x0)>
  [9] #xxxx.1.1.num.bool <0 (0x0)>
  [10] #xxxx.1.1.num.bool <0 (0x0)>
  [11] #xxxx.1.1.num.bool <1 (0x1)>
  [12] #xxxx.1.1.num.bool <1 (0x1)>
  [13] #xxxx.1.1.num.bool <0 (0x0)>
  [14] #xxxx.1.1.num.bool <0 (0x0)>
  [15] #xxxx.1.1.num.bool <1 (0x1)>
  [16] #xxxx.1.1.num.bool <0 (0x0)>
GC: ++#xxxx.1.1.num.prim
== backtrace ==
  [0] #xxxx.1.1.ctx.func <code #xxxx.1.2.mem.ro, dict #xxxx.1.2.hash>
== stack (#xxxx.1.1.array) ==
  [0] #xxxx.1.2.num.prim <2 (0x2)>
  [1] #xxxx.1.1.mem.ref.ro <#xxxx.1.2.mem.ro, "foo_1">
  [2] #xxxx.1.1.num.bool <0 (0x0)>
  [3] #xxxx.1.1.num.bool <0 (0x0)>
  [4] #xxxx.1.1.num.bool <1 (0x1)>
  [5] #xxxx.1.1.num.bool <0 (0x0)>
  [6] #xxxx.1.1.num.bool <0 (0x0)>
  [7] #xxxx.1.1.num.bool <0 (0x0)>
  [8] #xxxx.1.1.num.bool <1 (0x1)>
  [9] #xxxx.1.1.num.bool <0 (0x0)>
  [10] #xxxx.1.1.num.bool <0 (0x0)>
  [11] #xxxx.1.1.num.bool <0 (0x0)>
  [12] #xxxx.1.1.num.bool <1 (0x1)>
  [13] #xxxx.1.1.num.bool <1 (0x1)>
  [14] #xxxx.1.1.num.bool <0 (0x0)>
  [15] #xxxx.1.1.num.bool <0 (0x0)>
  [16] #xxxx.1.1.num.bool <1 (0x1)>
  [17] #xxxx.1.1.num.bool <0 (0x0)>
== backtrace ==
  [0] #xxxx.1.1.ctx.func <code #xxxx.1.2.mem.ro, dict #xxxx.1.2.hash>
== stack (#xxxx.1.1.array) ==
  [0] #xxxx.1.1.num.int <1 (0x1)>
  [1] #xxxx.1.2.num.prim <2 (0x2)>
  [2] #xxxx.1.1.mem.ref.ro <#xxxx.1.2.mem.ro, "foo_1">
  [3] #xxxx.1.1.num.bool <0 (0x0)>
  [4] #xxxx.1.1.num.bool <0 (0x0)>
  [5] #xxxx.1.1.num.bool <1 (0x1)>
  [6] #xxxx.1.1.num.bool <0 (0x0)>
  [7] #xxxx.1.1.num.bool <0 (0x0)>
  [8] #xxxx.1.1.num.bool <0 (0x0)>
  [9] #xxxx.1.1.num.bool <1 (0x1)>
  [10] #xxxx.1.1.num.bool <0 (0x0)>
  [11] #xxxx.1.1.num.bool <0 (0x0)>
  [12] #xxxx.1.1.num.bool <0 (0x0)>
  [13] #xxxx.1.1.num.bool <1 (0x1)>
  [14] #xxxx.1.1.num.bool <1 (0x1)>
  [15] #xxxx.1.1.num.bool <0 (0x0)>
  [16] #xxxx.1.1.num.bool <0 (0x0)>
  [17] #xxxx.1.1.num.bool <1 (0x1)>
  [18] #xxxx.1.1.num.bool <0 (0x0)>
== backtrace ==
  [0] #xxxx.1.1.ctx.func <code #xxxx.1.2.mem.ro, dict #xxxx.1.2.hash>
== stack (#xxxx.1.1.array) ==
  [0] #xxxx.1.1.num.int <2 (0x2)>
  [1] #xxxx.1.1.num.int <1 (0x1)>
  [2] #xxxx.1.2.num.prim <2 (0x2)>
  [3] #xxxx.1.1.mem.ref.ro <#xxxx.1.2.mem.ro, "foo_1">
  [4] #xxxx.1.1.num.bool <0 (0x0)>
  [5] #xxxx.1.1.num.bool <0 (0x0)>
  [6] #xxxx.1.1.num.bool <1 (0x1)>
  [7] #xxxx.1.1.num.bool <0 (0x0)>
  [8] #xxxx.1.1.num.bool <0 (0x0)>
  [9] #xxxx.1.1.num.bool <0 (0x0)>
  [10] #xxxx.1.1.num.bool <1 (0x1)>
  [11] #xxxx.1.1.num.bool <0 (0x0)>
  [12] #xxxx.1.1.num.bool <0 (0x0)>
  [13] #xxxx.1.1.num.bool <0 (0x0)>
  [14] #xxxx.1.1.num.bool <1 (0x1)>
  [15] #xxxx.1.1.num.bool <1 (0x1)>
  [16] #xxxx.1.1.num.bool <0 (0x0)>
  [17] #xxxx.1.1.num.bool <0 (0x0)>
  [18] #xxxx.1.1.num.bool <1 (0x1)>
  [19] #xxxx.1.1.num.bool <0 (0x0)>
== backtrace ==
  [0] #xxxx.1.1.ctx.func <code #xxxx.1.2.mem.ro, dict #xxxx.1.2.hash>
== stack (#xxxx.1.1.array) ==
  [0] #xxxx.1.1.num.int <3 (0x3)>
  [1] #xxxx.1.1.num.int <2 (0x2)>
  [2] #xxxx.1.1.num.int <1 (0x1)>
  [3] #xxxx.1.2.num.prim <2 (0x2)>
  [4] #xxxx.1.1.mem.ref.ro <#xxxx.1.2.mem.ro, "foo_1">
  [5] #xxxx.1.1.num.bool <0 (0x0)>
  [6] #xxxx.1.1.num.bool <0 (0x0)>
  [7] #xxxx.1.1.num.bool <1 (0x1)>
  [8] #xxxx.1.1.num.bool <0 (0x0)>
  [9] #xxxx.1.1.num.bool <0 (0x0)>
  [10] #xxxx.1.1.num.bool <0 (0x0)>
  [11] #xxxx.1.1.num.bool <1 (0x1)>
  [12] #xxxx.1.1.num.bool <0 (0x0)>
  [13] #xxxx.1.1.num.bool <0 (0x0)>
  [14] #xxxx.1.1.num.bool <0 (0x0)>
  [15] #xxxx.1.1.num.bool <1 (0x1)>
  [16] #xxxx.1.1.num.bool <1 (0x1)>
  [17] #xxxx.1.1.num.bool <0 (0x0)>
  [18] #xxxx.1.1.num.bool <0 (0x0)>
  [19] #xxxx.1.1.num.bool <1 (0x1)>
  [20] #xxxx.1.1.num.bool <0 (0x0)>
GC: --#xxxx.1.2.num.prim
== backtrace ==
  [0] #xxxx.1.1.ctx.func <code #xxxx.1.2.mem.ro, dict #xxxx.1.2.hash>
== stack (#xxxx.1.1.array) ==
  [0] #xxxx.1.1.array <size 3, max 3>
  [1] #xxxx.1.1.mem.ref.ro <#xxxx.1.2.mem.ro, "foo_1">
  [2] #xxxx.1.1.num.bool <0 (0x0)>
  [3] #xxxx.1.1.num.bool <0 (0x0)>
  [4] #xxxx.1.1.num.bool <1 (0x1)>
  [5] #xxxx.1.1.num.bool <0 (0x0)>
  [6] #xxxx.1.1.num.bool <0 (0x0)>
  [7] #xxxx.1.1.num.bool <0 (0x0)>
  [8] #xxxx.1.1.num.bool <1 (0x1)>
  [9] #xxxx.1.1.num.bool <0 (0x0)>
  [10] #xxxx.1.1.num.bool <0 (0x0)>
  [11] #xxxx.1.1.num.bool <0 (0x0)>
  [12] #xxxx.1.1.num.bool <1 (0x1)>
  [13] #xxxx.1.1.num.bool <1 (0x1)>
  [14] #xxxx.1.1.num.bool <0 (0x0)>
  [15] #xxxx.1.1.num.bool <0 (0x0)>
  [16] #xxxx.1.1.num.bool <1 (0x1)>
  [17] #xxxx.1.1.num.bool <0 (0x0)>
GC: ++#xxxx.1.1.mem.ref.ro
GC: ++#xxxx.1.1.array
GC: --#xxxx.1.2.array
GC: --#xxxx.1.2.mem.ref.ro
== backtrace ==
  [0] #xxxx.1.1.ctx.func <code #xxxx.1.2.mem.ro, dict #xxxx.1.2.hash>
== stack (#xxxx.1.1.array) ==
  [0] #xxxx.1.1.num.bool <0 (0x0)>
  [1] #xxxx.1.1.num.bool <0 (0x0)>
  [2] #xxxx.1.1.num.bool <1 (0x1)>
  [3] #xxxx.1.1.num.bool <0 (0x0)>
  [4] #xxxx.1.1.num.bool <0 (0x0)>
  [5] #xxxx.1.1.num.bool <0 (0x0)>
  [6] #xxxx.1.1.num.bool <1 (0x1)>
  [7] #xxxx.1.1.num.bool <0 (0x0)>
  [8] #xxxx.1.1.num.bool <0 (0x0)>
  [9] #xxxx.1.1.num.bool <0 (0x0)>
  [10] #xxxx.1.1.num.bool <1 (0x1)>
  [11] #xxxx.1.1.num.bool <1 (0x1)>
  [12] #xxxx.1.1.num.bool <0 (0x0)>
  [13] #xxxx.1.1.num.bool <0 (0x0)>
  [14] #xxxx.1.1.num.bool <1 (0x1)>
  [15] #xxxx.1.1.num.bool <0 (0x0)>
GC: ++#xxxx.1.2.mem.ro
== backtrace ==
  [0] #xxxx.1.1.ctx.func <code #xxxx.1.3.mem.ro, dict #xxxx.1.2.hash>
== stack (#xxxx.1.1.array) ==
  [0] #xxxx.1.1.mem.ref.ro <#xxxx.1.3.mem.ro, "foo_2">
  [1] #xxxx.1.1.num.bool <0 (0x0)>
  [2] #xxxx.1.1.num.bool <0 (0x0)>
  [3] #xxxx.1.1.num.bool <1 (0x1)>
  [4] #xxxx.1.1.num.bool <0 (0x0)>
  [5] #xxxx.1.1.num.bool <0 (0x0)>
  [6] #xxxx.1.1.num.bool <0 (0x0)>
  [7] #xxxx.1.1.num.bool <1 (0x1)>
  [8] #xxxx.1.1.num.bool <0 (0x0)>
  [9] #xxxx.1.1.num.bool <0 (0x0)>
  [10] #xxxx.1.1.num.bool <0 (0x0)>
  [11] #xxxx.1.1.num.bool <1 (0x1)>
  [12] #xxxx.1.1.num.bool <1 (0x1)>
  [13] #xxxx.1.1.num.bool <0 (0x0)>
  [14] #xxxx.1.1.num.bool <0 (0x0)>
  [15] #xxxx.1.1.num.bool <1 (0x1)>
  [16] #xxxx.1.1.num.bool <0 (0x0)>
GC: ++#xxxx.1.1.array
== backtrace ==
  [0] #xxxx.1.1.ctx.func <code #xxxx.1.3.mem.ro, dict #xxxx.1.2.hash>
== stack (#xxxx.1.1.array) ==
  [0] #xxxx.1.2.array <size 3, max 3>
  [1] #xxxx.1.1.mem.ref.ro <#xxxx.1.3.mem.ro, "foo_2">
  [2] #xxxx.1.1.num.bool <0 (0x0)>
  [3] #xxxx.1.1.num.bool <0 (0x0)>
  [4] #xxxx.1.1.num.bool <1 (0x1)>
  [5] #xxxx.1.1.num.bool <0 (0x0)>
  [6] #xxxx.1.1.num.bool <0 (0x0)>
  [7] #xxxx.1.1.num.bool <0 (0x0)>
  [8] #xxxx.1.1.num.bool <1 (0x1)>
  [9] #xxxx.1.1.num.bool <0 (0x0)>
  [10] #xxxx.1.1.num.bool <0 (0x0)>
  [11] #xxxx.1.1.num.bool <0 (0x0)>
  [12] #xxxx.1.1.num.bool <1 (0x1)>
  [13] #xxxx.1.1.num.bool <1 (0x1)>
  [14] #xxxx.1.1.num.bool <0 (0x0)>
  [15] #xxxx.1.1.num.bool <0 (0x0)>
  [16] #xxxx.1.1.num.bool <1 (0x1)>
  [17] #xxxx.1.1.num.bool <0 (0x0)>
GC: ++#xxxx.1.1.mem.ref.ro
GC: ++#xxxx.1.2.array
GC: --#xxxx.1.3.array
GC: --#xxxx.1.2.mem.ref.ro
== backtrace ==
  [0] #xxxx.1.1.ctx.func <code #xxxx.1.3.mem.ro, dict #xxxx.1.2.hash>
== stack (#xxxx.1.1.array) ==
  [0] #xxxx.1.1.num.bool <0 (0x0)>
  [1] #xxxx.1.1.num.bool <0 (0x0)>
  [2] #xxxx.1.1.num.bool <1 (0x1)>
  [3] #xxxx.1.1.num.bool <0 (0x0)>
  [4] #xxxx.1.1.num.bool <0 (0x0)>
  [5] #xxxx.1.1.num.bool <0 (0x0)>
  [6] #xxxx.1.1.num.bool <1 (0x1)>
  [7] #xxxx.1.1.num.bool <0 (0x0)>
  [8] #xxxx.1.1.num.bool <0 (0x0)>
  [9] #xxxx.1.1.num.bool <0 (0x0)>
  [10] #xxxx.1.1.num.bool <1 (0x1)>
  [11] #xxxx.1.1.num.bool <1 (0x1)>
  [12] #xxxx.1.1.num.bool <0 (0x0)>
  [13] #xxxx.1.1.num.bool <0 (0x0)>
  [14] #xxxx.1.1.num.bool <1 (0x1)>
  [15] #xxxx.1.1.num.bool <0 (0x0)>
GC: ++#xxxx.1.2.array
== backtrace ==
  [0] #xxxx.1.1.ctx.func <code #xxxx.1.3.mem.ro, dict #xxxx.1.2.hash>
== stack (#xxxx.1.1.array) ==
  [0] #xxxx.1.3.array <size 3, max 3>
  [1] #xxxx.1.1.num.bool <0 (0x0)>
  [2] #xxxx.1.1.num.bool <0 (0x0)>
  [3] #xxxx.1.1.num.bool <1 (0x1)>
  [4] #xxxx.1.1.num.bool <0 (0x0)>
  [5] #xxxx.1.1.num.bool <0 (0x0)>
  [6] #xxxx.1.1.num.bool <0 (0x0)>
  [7] #xxxx.1.1.num.bool <1 (0x1)>
  [8] #xxxx.1.1.num.bool <0 (0x0)>
  [9] #xxxx.1.1.num.bool <0 (0x0)>
  [10] #xxxx.1.1.num.bool <0 (0x0)>
  [11] #xxxx.1.1.num.bool <1 (0x1)>
  [12] #xxxx.1.1.num.bool <1 (0x1)>
  [13] #xxxx.1.1.num.bool <0 (0x0)>
  [14] #xxxx.1.1.num.bool <0 (0x0)>
  [15] #xxxx.1.1.num.bool <1 (0x1)>
  [16] #xxxx.1.1.num.bool <0 (0x0)>
GC: ++#xxxx.1.3.array
== backtrace ==
  [0] #xxxx.1.1.ctx.func <code #xxxx.1.3.mem.ro, dict #xxxx.1.2.hash>
== stack (#xxxx.1.1.array) ==
  [0] #xxxx.1.4.array <size 3, max 3>
  [1] #xxxx.1.4.array <size 3, max 3>
  [2] #xxxx.1.1.num.bool <0 (0x0)>
  [3] #xxxx.1.1.num.bool <0 (0x0)>
  [4] #xxxx.1.1.num.bool <1 (0x1)>
  [5] #xxxx.1.1.num.bool <0 (0x0)>
  [6] #xxxx.1.1.num.bool <0 (0x0)>
  [7] #xxxx.1.1.num.bool <0 (0x0)>
  [8] #xxxx.1.1.num.bool <1 (0x1)>
  [9] #xxxx.1.1.num.bool <0 (0x0)>
  [10] #xxxx.1.1.num.bool <0 (0x0)>
  [11] #xxxx.1.1.num.bool <0 (0x0)>
  [12] #xxxx.1.1.num.bool <1 (0x1)>
  [13] #xxxx.1.1.num.bool <1 (0x1)>
  [14] #xxxx.1.1.num.bool <0 (0x0)>
  [15] #xxxx.1.1.num.bool <0 (0x0)>
  [16] #xxxx.1.1.num.bool <1 (0x1)>
  [17] #xxxx.1.1.num.bool <0 (0x0)>
GC: --#xxxx.1.4.array
GC: --#xxxx.1.3.array
== backtrace ==
  [0] #xxxx.1.1.ctx.func <code #xxxx.1.3.mem.ro, dict #xxxx.1.2.hash>
== stack (#xxxx.1.1.array) ==
  [0] #xxxx.2.1.num.bool <0 (0x0)>
  [1] #xxxx.1.1.num.bool <0 (0x0)>
  [2] #xxxx.1.1.num.bool <0 (0x0)>
  [3] #xxxx.1.1.num.bool <1 (0x1)>
  [4] #xxxx.1.1.num.bool <0 (0x0)>
  [5] #xxxx.1.1.num.bool <0 (0x0)>
  [6] #xxxx.1.1.num.bool <0 (0x0)>
  [7] #xxxx.1.1.num.bool <1 (0x1)>
  [8] #xxxx.1.1.num.bool <0 (0x0)>
  [9] #xxxx.1.1.num.bool <0 (0x0)>
  [10] #xxxx.1.1.num.bool <0 (0x0)>
  [11] #xxxx.1.1.num.bool <1 (0x1)>
  [12] #xxxx.1.1.num.bool <1 (0x1)>
  [13] #xxxx.1.1.num.bool <0 (0x0)>
  [14] #xxxx.1.1.num.bool <0 (0x0)>
  [15] #xxxx.1.1.num.bool <1 (0x1)>
  [16] #xxxx.1.1.num.bool <0 (0x0)>
GC: ++#xxxx.1.1.num.prim
== backtrace ==
  [0] #xxxx.1.1.ctx.func <code #xxxx.1.3.mem.ro, dict #xxxx.1.2.hash>
== stack (#xxxx.1.1.array) ==
  [0] #xxxx.1.2.num.prim <2 (0x2)>
  [1] #xxxx.2.1.num.bool <0 (0x0)>
  [2] #xxxx.1.1.num.bool <0 (0x0)>
  [3] #xxxx.1.1.num.bool <0 (0x0)>
  [4] #xxxx.1.1.num.bool <1 (0x1)>
  [5] #xxxx.1.1.num.bool <0 (0x0)>
  [6] #xxxx.1.1.num.bool <0 (0x0)>
  [7] #xxxx.1.1.num.bool <0 (0x0)>
  [8] #xxxx.1.1.num.bool <1 (0x1)>
  [9] #xxxx.1.1.num.bool <0 (0x0)>
  [10] #xxxx.1.1.num.bool <0 (0x0)>
  [11] #xxxx.1.1.num.bool <0 (0x0)>
  [12] #xxxx.1.1.num.bool <1 (0x1)>
  [13] #xxxx.1.1.num.bool <1 (0x1)>
  [14] #xxxx.1.1.num.bool <0 (0x0)>
  [15] #xxxx.1.1.num.bool <0 (0x0)>
  [16] #xxxx.1.1.num.bool <1 (0x1)>
  [17] #xxxx.1.1.num.bool <0 (0x0)>
== backtrace ==
  [0] #xxxx.1.1.ctx.func <code #xxxx.1.3.mem.ro, dict #xxxx.1.2.hash>
== stack (#xxxx.1.1.array) ==
  [0] #xxxx.2.1.num.int <6 (0x6)>
  [1] #xxxx.1.2.num.prim <2 (0x2)>
  [2] #xxxx.2.1.num.bool <0 (0x0)>
  [3] #xxxx.1.1.num.bool <0 (0x0)>
  [4] #xxxx.1.1.num.bool <0 (0x0)>
  [5] #xxxx.1.1.num.bool <1 (0x1)>
  [6] #xxxx.1.1.num.bool <0 (0x0)>
  [7] #xxxx.1.1.num.bool <0 (0x0)>
  [8] #xxxx.1.1.num.bool <0 (0x0)>
  [9] #xxxx.1.1.num.bool <1 (0x1)>
  [10] #xxxx.1.1.num.bool <0 (0x0)>
  [11] #xxxx.1.1.num.bool <0 (0x0)>
  [12] #xxxx.1.1.num.bool <0 (0x0)>
  [13] #xxxx.1.1.num.bool <1 (0x1)>
  [14] #xxxx.1.1.num.bool <1 (0x1)>
  [15] #xxxx.1.1.num.bool <0 (0x0)>
  [16] #xxxx.1.1.num.bool <0 (0x0)>
  [17] #xxxx.1.1.num.bool <1 (0x1)>
  [18] #xxxx.1.1.num.bool <0 (0x0)>
GC: --#xxxx.1.2.num.prim
== backtrace ==
  [0] #xxxx.1.1.ctx.func <code #xxxx.1.3.mem.ro, dict #xxxx.1.2.hash>
== stack (#xxxx.1.1.array) ==
  [0] #xxxx.2.1.array <size 1, max 1>
  [1] #xxxx.2.1.num.bool <0 (0x0)>
  [2] #xxxx.1.1.num.bool <0 (0x0)>
  [3] #xxxx.1.1.num.bool <0 (0x0)>
  [4] #xxxx.1.1.num.bool <1 (0x1)>
  [5] #xxxx.1.1.num.bool <0 (0x0)>
  [6] #xxxx.1.1.num.bool <0 (0x0)>
  [7] #xxxx.1.1.num.bool <0 (0x0)>
  [8] #xxxx.1.1.num.bool <1 (0x1)>
  [9] #xxxx.1.1.num.bool <0 (0x0)>
  [10] #xxxx.1.1.num.bool <0 (0x0)>
  [11] #xxxx.1.1.num.bool <0 (0x0)>
  [12] #xxxx.1.1.num.bool <1 (0x1)>
  [13] #xxxx.1.1.num.bool <1 (0x1)>
  [14] #xxxx.1.1.num.bool <0 (0x0)>
  [15] #xxxx.1.1.num.bool <0 (0x0)>
  [16] #xxxx.1.1.num.bool <1 (0x1)>
  [17] #xxxx.1.1.num.bool <0 (0x0)>
GC: ++#xxxx.1.1.num.prim
== backtrace ==
  [0] #xxxx.1.1.ctx.func <code #xxxx.1.3.mem.ro, dict #xxxx.1.2.hash>
== stack (#xxxx.1.1.array) ==
  [0] #xxxx.1.2.num.prim <2 (0x2)>
  [1] #xxxx.2.1.array <size 1, max 1>
  [2] #xxxx.2.1.num.bool <0 (0x0)>
  [3] #xxxx.1.1.num.bool <0 (0x0)>
  [4] #xxxx.1.1.num.bool <0 (0x0)>
  [5] #xxxx.1.1.num.bool <1 (0x1)>
  [6] #xxxx.1.1.num.bool <0 (0x0)>
  [7] #xxxx.1.1.num.bool <0 (0x0)>
  [8] #xxxx.1.1.num.bool <0 (0x0)>
  [9] #xxxx.1.1.num.bool <1 (0x1)>
  [10] #xxxx.1.1.num.bool <0 (0x0)>
  [11] #xxxx.1.1.num.bool <0 (0x0)>
  [12] #xxxx.1.1.num.bool <0 (0x0)>
  [13] #xxxx.1.1.num.bool <1 (0x1)>
  [14] #xxxx.1.1.num.bool <1 (0x1)>
  [15] #xxxx.1.1.num.bool <0 (0x0)>
  [16] #xxxx.1.1.num.bool <0 (0x0)>
  [17] #xxxx.1.1.num.bool <1 (0x1)>
  [18] #xxxx.1.1.num.bool <0 (0x0)>
== backtrace ==
  [0] #xxxx.1.1.ctx.func <code #xxxx.1.3.mem.ro, dict #xxxx.1.2.hash>
== stack (#xxxx.1.1.array) ==
  [0] #xxxx.2.1.num.int <6 (0x6)>
  [1] #xxxx.1.2.num.prim <2 (0x2)>
  [2] #xxxx.2.1.array <size 1, max 1>
  [3] #xxxx.2.1.num.bool <0 (0x0)>
  [4] #xxxx.1.1.num.bool <0 (0x0)>
  [5] #xxxx.1.1.num.bool <0 (0x0)>
  [6] #xxxx.1.1.num.bool <1 (0x1)>
  [7] #xxxx.1.1.num.bool <0 (0x0)>
  [8] #xxxx.1.1.num.bool <0 (0x0)>
  [9] #xxxx.1.1.num.bool <0 (0x0)>
  [10] #xxxx.1.1.num.bool <1 (0x1)>
  [11] #xxxx.1.1.num.bool <0 (0x0)>
  [12] #xxxx.1.1.num.bool <0 (0x0)>
  [13] #xxxx.1.1.num.bool <0 (0x0)>
  [14] #xxxx.1.1.num.bool <1 (0x1)>
  [15] #xxxx.1.1.num.bool <1 (0x1)>
  [16] #xxxx.1.1.num.bool <0 (0x0)>
  [17] #xxxx.1.1.num.bool <0 (0x0)>
  [18] #xxxx.1.1.num.bool <1 (0x1)>
  [19] #xxxx.1.1.num.bool <0 (0x0)>
GC: --#xxxx.1.2.num.prim
== backtrace ==
  [0] #xxxx.1.1.ctx.func <code #xxxx.1.3.mem.ro, dict #xxxx.1.2.hash>
== stack (#xxxx.1.1.array) ==
  [0] #xxxx.2.1.array <size 1, max 1>
  [1] #xxxx.2.1.array <size 1, max 1>
  [2] #xxxx.2.1.num.bool <0 (0x0)>
  [3] #xxxx.1.1.num.bool <0 (0x0)>
  [4] #xxxx.1.1.num.bool <0 (0x0)>
  [5] #xxxx.1.1.num.bool <1 (0x1)>
  [6] #xxxx.1.1.num.bool <0 (0x0)>
  [7] #xxxx.1.1.num.bool <0 (0x0)>
  [8] #xxxx.1.1.num.bool <0 (0x0)>
  [9] #xxxx.1.1.num.bool <1 (0x1)>
  [10] #xxxx.1.1.num.bool <0 (0x0)>
  [11] #xxxx.1.1.num.bool <0 (0x0)>
  [12] #xxxx.1.1.num.bool <0 (0x0)>
  [13] #xxxx.1.1.num.bool <1 (0x1)>
  [14] #xxxx.1.1.num.bool <1 (0x1)>
  [15] #xxxx.1.1.num.bool <0 (0x0)>
  [16] #xxxx.1.1.num.bool <0 (0x0)>
  [17] #xxxx.1.1.num.bool <1 (0x1)>
  [18] #xxxx.1.1.num.bool <0 (0x0)>
GC: --#xxxx.2.1.array
GC: --#xxxx.2.1.num.int
GC: --#xxxx.2.1.array
GC: --#xxxx.2.1.num.int
== backtrace ==
  [0] #xxxx.1.1.ctx.func <code #xxxx.1.3.mem.ro, dict #xxxx.1.2.hash>
== stack (#xxxx.1.1.array) ==
  [0] #xxxx.2.1.num.bool <1 (0x1)>
  [1] #xxxx.2.1.num.bool <0 (0x0)>
  [2] #xxxx.1.1.num.bool <0 (0x0)>
  [3] #xxxx.1.1.num.bool <0 (0x0)>
  [4] #xxxx.1.1.num.bool <1 (0x1)>
  [5] #xxxx.1.1.num.bool <0 (0x0)>
  [6] #xxxx.1.1.num.bool <0 (0x0)>
  [7] #xxxx.1.1.num.bool <0 (0x0)>
  [8] #xxxx.1.1.num.bool <1 (0x1)>
  [9] #xxxx.1.1.num.bool <0 (0x0)>
  [10] #xxxx.1.1.num.bool <0 (0x0)>
  [11] #xxxx.1.1.num.bool <0 (0x0)>
  [12] #xxxx.1.1.num.bool <1 (0x1)>
  [13] #xxxx.1.1.num.bool <1 (0x1)>
  [14] #xxxx.1.1.num.bool <0 (0x0)>
  [15] #xxxx.1.1.num.bool <0 (0x0)>
  [16] #xxxx.1.1.num.bool <1 (0x1)>
  [17] #xxxx.1.1.num.bool <0 (0x0)>
