# ---  trace  ---
== backtrace ==
  [0] #xxxx.1.1.ctx.func <code #xxxx.1.1.mem.ro, dict #xxxx.1.2.hash>
== stack (#xxxx.1.1.array) ==
== backtrace ==
  [0] #xxxx.1.1.ctx.func <code #xxxx.1.1.mem.ro, dict #xxxx.1.2.hash>
== stack (#xxxx.1.1.array) ==
  [0] #xxxx.1.1.num.int <10 (0xa)>
GC: --#xxxx.1.1.num.int
== backtrace ==
  [0] #xxxx.1.1.ctx.func <code #xxxx.1.1.mem.ro, dict #xxxx.1.2.hash>
== stack (#xxxx.1.1.array) ==
  [0] #xxxx.1.1.mem <size 10>
== backtrace ==
  [0] #xxxx.1.1.ctx.func <code #xxxx.1.1.mem.ro, dict #xxxx.1.2.hash>
== stack (#xxxx.1.1.array) ==
  [0] #xxxx.1.1.num.int <0 (0x0)>
  [1] #xxxx.1.1.mem <size 10>
GC: --#xxxx.1.1.num.int
== backtrace ==
  [0] #xxxx.1.1.ctx.func <code #xxxx.1.1.mem.ro, dict #xxxx.1.2.hash>
== stack (#xxxx.1.1.array) ==
  [0] #xxxx.1.1.mem <size 0>
  [1] #xxxx.1.1.mem <size 10>
