# ---  trace  ---
IP: #188:0x0, type 5, 1[7]
== backtrace ==
  [0] #190.1.1.ctx.func <code #188.1.1.mem.ro, ip 0x8 (0x0), dict #4.1.2.hash>
== stack (#189.1.1.array) ==
IP: #188:0x8, type 9, 9[3]
GC: ++#188.1.1.mem.ro
== backtrace ==
  [0] #190.1.1.ctx.func <code #188.1.2.mem.ro, ip 0xc (0x8), dict #4.1.2.hash>
== stack (#189.1.1.array) ==
  [0] #191.1.1.mem.ref.ro <#188.1.2.mem.ro, ofs 0x9, size 3, "foo">
IP: #188:0xc, type 1, 99 (0x63)
== backtrace ==
  [0] #190.1.1.ctx.func <code #188.1.2.mem.ro, ip 0xe (0xc), dict #4.1.2.hash>
== stack (#189.1.1.array) ==
  [0] #192.1.1.num.int <99 (0x63)>
  [1] #191.1.1.mem.ref.ro <#188.1.2.mem.ro, ofs 0x9, size 3, "foo">
IP: #188:0xe, type 8, 15[3]
GC: ++#191.1.1.mem.ref.ro
GC: ++#192.1.1.num.int
GC: --#192.1.2.num.int
GC: --#191.1.2.mem.ref.ro
== backtrace ==
  [0] #190.1.1.ctx.func <code #188.1.2.mem.ro, ip 0x12 (0xe), dict #4.1.2.hash>
== stack (#189.1.1.array) ==
IP: #188:0x12, type 9, 19[3]
GC: ++#188.1.2.mem.ro
== backtrace ==
  [0] #190.1.1.ctx.func <code #188.1.3.mem.ro, ip 0x16 (0x12), dict #4.1.2.hash>
== stack (#189.1.1.array) ==
  [0] #193.1.1.mem.ref.ro <#188.1.3.mem.ro, ofs 0x13, size 3, "bar">
IP: #188:0x16, type 6, 24[40]
GC: ++#188.1.3.mem.ro
== backtrace ==
  [0] #190.1.1.ctx.func <code #188.1.4.mem.ro, ip 0x40 (0x16), dict #4.1.2.hash>
== stack (#189.1.1.array) ==
  [0] #194.1.1.mem.code.ro <#188.1.4.mem.ro, ofs 0x18, size 40>
  [1] #193.1.1.mem.ref.ro <#188.1.4.mem.ro, ofs 0x13, size 3, "bar">
IP: #188:0x40, type 8, 65[3]
GC: ++#193.1.1.mem.ref.ro
GC: ++#194.1.1.mem.code.ro
GC: --#194.1.2.mem.code.ro
GC: --#193.1.2.mem.ref.ro
== backtrace ==
  [0] #190.1.1.ctx.func <code #188.1.4.mem.ro, ip 0x44 (0x40), dict #4.1.2.hash>
== stack (#189.1.1.array) ==
IP: #188:0x44, type 8, 69[3]
GC: ++#194.1.1.mem.code.ro
== backtrace ==
  [0] #195.1.1.ctx.func <code #194.1.2.mem.code.ro, ip 0x0 (0x0)>
  [1] #190.1.1.ctx.func <code #188.1.4.mem.ro, ip 0x48 (0x44), dict #4.1.2.hash>
== stack (#189.1.1.array) ==
IP: #194:0x0, type 8, 1[3]
GC: ++#192.1.1.num.int
== backtrace ==
  [0] #195.1.1.ctx.func <code #194.1.2.mem.code.ro, ip 0x4 (0x0)>
  [1] #190.1.1.ctx.func <code #188.1.4.mem.ro, ip 0x48 (0x44), dict #4.1.2.hash>
== stack (#189.1.1.array) ==
  [0] #192.1.2.num.int <99 (0x63)>
IP: #194:0x4, type 8, 5[1]
GC: ++#13.1.1.num.prim
== backtrace ==
  [0] #195.1.1.ctx.func <code #194.1.2.mem.code.ro, ip 0x6 (0x4)>
  [1] #190.1.1.ctx.func <code #188.1.4.mem.ro, ip 0x48 (0x44), dict #4.1.2.hash>
== stack (#189.1.1.array) ==
  [0] #13.1.2.num.prim <4 (0x4)>
  [1] #192.1.2.num.int <99 (0x63)>
IP: #194:0x6, type 9, 7[3]
GC: ++#188.1.4.mem.ro
== backtrace ==
  [0] #195.1.1.ctx.func <code #194.1.2.mem.code.ro, ip 0xa (0x6)>
  [1] #190.1.1.ctx.func <code #188.1.5.mem.ro, ip 0x48 (0x44), dict #4.1.2.hash>
== stack (#189.1.1.array) ==
  [0] #196.1.1.mem.ref.ro <#188.1.5.mem.ro, ofs 0x1f, size 3, "foo">
  [1] #13.1.2.num.prim <4 (0x4)>
  [2] #192.1.2.num.int <99 (0x63)>
IP: #194:0xa, type 0, 0 (0x0)
== backtrace ==
  [0] #195.1.1.ctx.func <code #194.1.2.mem.code.ro, ip 0xb (0xa)>
  [1] #190.1.1.ctx.func <code #188.1.5.mem.ro, ip 0x48 (0x44), dict #4.1.2.hash>
== stack (#189.1.1.array) ==
  [0] #0.0.nil <nil>
  [1] #196.1.1.mem.ref.ro <#188.1.5.mem.ro, ofs 0x1f, size 3, "foo">
  [2] #13.1.2.num.prim <4 (0x4)>
  [3] #192.1.2.num.int <99 (0x63)>
IP: #194:0xb, type 8, 12[1]
GC: --#13.1.2.num.prim
== backtrace ==
  [0] #195.1.1.ctx.func <code #194.1.2.mem.code.ro, ip 0xd (0xb)>
  [1] #190.1.1.ctx.func <code #188.1.5.mem.ro, ip 0x48 (0x44), dict #4.1.2.hash>
== stack (#189.1.1.array) ==
  [0] #197.1.1.hash <size 1, max 1>
  [1] #192.1.2.num.int <99 (0x63)>
IP: #194:0xd, type 8, 14[7]
GC: ++#197.1.1.hash
GC: --#197.1.2.hash
== backtrace ==
  [0] #195.1.1.ctx.func <code #194.1.2.mem.code.ro, ip 0x15 (0xd), dict #197.1.1.hash>
  [1] #190.1.1.ctx.func <code #188.1.5.mem.ro, ip 0x48 (0x44), dict #4.1.2.hash>
== stack (#189.1.1.array) ==
  [0] #192.1.2.num.int <99 (0x63)>
IP: #194:0x15, type 8, 22[3]
== backtrace ==
  [0] #195.1.1.ctx.func <code #194.1.2.mem.code.ro, ip 0x19 (0x15), dict #197.1.1.hash>
  [1] #190.1.1.ctx.func <code #188.1.5.mem.ro, ip 0x48 (0x44), dict #4.1.2.hash>
== stack (#189.1.1.array) ==
  [0] #0.0.nil <nil>
  [1] #192.1.2.num.int <99 (0x63)>
IP: #194:0x19, type 9, 26[3]
GC: ++#188.1.5.mem.ro
== backtrace ==
  [0] #195.1.1.ctx.func <code #194.1.2.mem.code.ro, ip 0x1d (0x19), dict #197.1.1.hash>
  [1] #190.1.1.ctx.func <code #188.1.6.mem.ro, ip 0x48 (0x44), dict #4.1.2.hash>
== stack (#189.1.1.array) ==
  [0] #198.1.1.mem.ref.ro <#188.1.6.mem.ro, ofs 0x32, size 3, "foo">
  [1] #0.0.nil <nil>
  [2] #192.1.2.num.int <99 (0x63)>
IP: #194:0x1d, type 1, 11 (0xb)
== backtrace ==
  [0] #195.1.1.ctx.func <code #194.1.2.mem.code.ro, ip 0x1f (0x1d), dict #197.1.1.hash>
  [1] #190.1.1.ctx.func <code #188.1.6.mem.ro, ip 0x48 (0x44), dict #4.1.2.hash>
== stack (#189.1.1.array) ==
  [0] #199.1.1.num.int <11 (0xb)>
  [1] #198.1.1.mem.ref.ro <#188.1.6.mem.ro, ofs 0x32, size 3, "foo">
  [2] #0.0.nil <nil>
  [3] #192.1.2.num.int <99 (0x63)>
IP: #194:0x1f, type 8, 32[3]
GC: ++#198.1.1.mem.ref.ro
GC: ++#199.1.1.num.int
GC: --#196.1.1.mem.ref.ro
GC: --#188.1.6.mem.ro
GC: --#199.1.2.num.int
GC: --#198.1.2.mem.ref.ro
== backtrace ==
  [0] #195.1.1.ctx.func <code #194.1.2.mem.code.ro, ip 0x23 (0x1f), dict #197.1.1.hash>
  [1] #190.1.1.ctx.func <code #188.1.5.mem.ro, ip 0x48 (0x44), dict #4.1.2.hash>
== stack (#189.1.1.array) ==
  [0] #0.0.nil <nil>
  [1] #192.1.2.num.int <99 (0x63)>
IP: #194:0x23, type 8, 36[3]
GC: ++#199.1.1.num.int
== backtrace ==
  [0] #195.1.1.ctx.func <code #194.1.2.mem.code.ro, ip 0x27 (0x23), dict #197.1.1.hash>
  [1] #190.1.1.ctx.func <code #188.1.5.mem.ro, ip 0x48 (0x44), dict #4.1.2.hash>
== stack (#189.1.1.array) ==
  [0] #199.1.2.num.int <11 (0xb)>
  [1] #0.0.nil <nil>
  [2] #192.1.2.num.int <99 (0x63)>
IP: #194:0x27, type 3, 1 (0x1)
GC: ++#190.1.1.ctx.func
GC: --#195.1.1.ctx.func
GC: --#190.1.2.ctx.func
GC: --#194.1.2.mem.code.ro
GC: --#197.1.1.hash
GC: --#198.1.1.mem.ref.ro
GC: --#199.1.2.num.int
GC: --#188.1.5.mem.ro
== backtrace ==
  [0] #190.1.1.ctx.func <code #188.1.4.mem.ro, ip 0x48 (0x44), dict #4.1.2.hash>
== stack (#189.1.1.array) ==
  [0] #199.1.1.num.int <11 (0xb)>
  [1] #0.0.nil <nil>
  [2] #192.1.2.num.int <99 (0x63)>
IP: #188:0x48, type 8, 73[3]
GC: ++#192.1.2.num.int
== backtrace ==
  [0] #190.1.1.ctx.func <code #188.1.4.mem.ro, ip 0x4c (0x48), dict #4.1.2.hash>
== stack (#189.1.1.array) ==
  [0] #192.1.3.num.int <99 (0x63)>
  [1] #199.1.1.num.int <11 (0xb)>
  [2] #0.0.nil <nil>
  [3] #192.1.3.num.int <99 (0x63)>
