# ---  trace  ---
IP: #217:0x0, type 5, 1[7]
== backtrace ==
  [0] #219.1.1.ctx.func <code #217.1.1.mem.ro, ip 0x8 (0x0), dict #8.1.2.hash>
== stack (#218.1.1.array) ==
IP: #217:0x8, type 1, -100 (0xffffffffffffff9c)
== backtrace ==
  [0] #219.1.1.ctx.func <code #217.1.1.mem.ro, ip 0xa (0x8), dict #8.1.2.hash>
== stack (#218.1.1.array) ==
  [0] #220.1.1.num.int <-100 (0xffffffffffffff9c)>
IP: #217:0xa, type 8, 11[3]
GC: --#220.1.1.num.int
== backtrace ==
  [0] #219.1.1.ctx.func <code #217.1.1.mem.ro, ip 0xe (0xa), dict #8.1.2.hash>
== stack (#218.1.1.array) ==
  [0] #221.1.1.num.int <100 (0x64)>
IP: #217:0xe, type 1, 200 (0xc8)
== backtrace ==
  [0] #219.1.1.ctx.func <code #217.1.1.mem.ro, ip 0x11 (0xe), dict #8.1.2.hash>
== stack (#218.1.1.array) ==
  [0] #223.1.1.num.int <200 (0xc8)>
  [1] #221.1.1.num.int <100 (0x64)>
IP: #217:0x11, type 8, 18[3]
GC: --#223.1.1.num.int
== backtrace ==
  [0] #219.1.1.ctx.func <code #217.1.1.mem.ro, ip 0x15 (0x11), dict #8.1.2.hash>
== stack (#218.1.1.array) ==
  [0] #224.1.1.num.int <200 (0xc8)>
  [1] #221.1.1.num.int <100 (0x64)>
IP: #217:0x15, type 2, 0 (0x0)
== backtrace ==
  [0] #219.1.1.ctx.func <code #217.1.1.mem.ro, ip 0x16 (0x15), dict #8.1.2.hash>
== stack (#218.1.1.array) ==
  [0] #225.1.1.num.bool <0 (0x0)>
  [1] #224.1.1.num.int <200 (0xc8)>
  [2] #221.1.1.num.int <100 (0x64)>
IP: #217:0x16, type 8, 23[3]
GC: --#225.1.1.num.bool
== backtrace ==
  [0] #219.1.1.ctx.func <code #217.1.1.mem.ro, ip 0x1a (0x16), dict #8.1.2.hash>
== stack (#218.1.1.array) ==
  [0] #226.1.1.num.bool <0 (0x0)>
  [1] #224.1.1.num.int <200 (0xc8)>
  [2] #221.1.1.num.int <100 (0x64)>
IP: #217:0x1a, type 2, 1 (0x1)
== backtrace ==
  [0] #219.1.1.ctx.func <code #217.1.1.mem.ro, ip 0x1b (0x1a), dict #8.1.2.hash>
== stack (#218.1.1.array) ==
  [0] #227.1.1.num.bool <1 (0x1)>
  [1] #226.1.1.num.bool <0 (0x0)>
  [2] #224.1.1.num.int <200 (0xc8)>
  [3] #221.1.1.num.int <100 (0x64)>
IP: #217:0x1b, type 8, 28[3]
GC: --#227.1.1.num.bool
== backtrace ==
  [0] #219.1.1.ctx.func <code #217.1.1.mem.ro, ip 0x1f (0x1b), dict #8.1.2.hash>
== stack (#218.1.1.array) ==
  [0] #228.1.1.num.bool <1 (0x1)>
  [1] #226.1.1.num.bool <0 (0x0)>
  [2] #224.1.1.num.int <200 (0xc8)>
  [3] #221.1.1.num.int <100 (0x64)>
