
# - - - - - - - - - - - - - - - - - - - - - - - - - - - - - - - - - - - - - - -
# code: 72 entries (72 - 0)
# - - - - - - - - - - - - - - - - - - - - - - - - - - - - - - - - - - - - - - -
# line i index  offset   type   hex                      word
# - - - - - - - - - - - - - - - - - - - - - - - - - - - - - - - - - - - - - - -
             0  0x00000  comm   75 51 12 a9 42 7a ad 60  # gfxboot magic
     1       1  0x00008  word   98 67 65 74 63 61 6e 76  getcanvas
                                61 73
             2  0x00012  word   a8 67 65 74 63 6f 6e 73  getconsole
                                6f 6c 65
             3  0x0001d  word   98 73 65 74 63 61 6e 76  setcanvas
                                61 73
             4  0x00027  word   78 67 65 74 66 6f 6e 74  getfont
             5  0x0002f  word   48 65 78 63 68           exch
             6  0x00034  xref   84 17                    setcanvas
             7  0x00036  word   78 73 65 74 66 6f 6e 74  setfont
     3       8  0x0003e  ref    79 57 69 64 67 65 74 31  /Widget1
             9  0x00046  word   18 28                    (
     4      10  0x00048  ref    59 64 72 61 77 31          /draw1
            11  0x0004e  code   c6 16                      {
     5      12  0x00050  int    81 0a                        10
            13  0x00052  word   18 79                        y
            14  0x00054  word   68 73 65 74 70 6f 73         setpos
     6      15  0x0005b  word   48 74 65 78 74               text
            16  0x00060  word   48 73 68 6f 77               show
     7      17  0x00065  prim   13                         }
     8      18  0x00066  word   18 29                    )
            19  0x00068  nil    00                       nil
            20  0x00069  word   58 63 6c 61 73 73        class
            21  0x0006f  word   38 64 65 66              def
    10      22  0x00073  ref    79 57 69 64 67 65 74 32  /Widget2
            23  0x0007b  word   18 28                    (
    11      24  0x0007d  ref    19 79                      /y
            25  0x0007f  int    01                         0
    12      26  0x00080  ref    49 74 65 78 74             /text
            27  0x00085  str    07                         ""
    13      28  0x00086  ref    59 64 72 61 77 32          /draw2
            29  0x0008c  code   c6 23                      {
    14      30  0x0008e  int    81 0a                        10
            31  0x00090  word   18 79                        y
            32  0x00092  xref   84 3e                        setpos
    15      33  0x00094  xref   84 39                        text
            34  0x00096  xref   84 36                        show
    16      35  0x00098  ref    19 79                        /y
            36  0x0009a  word   18 79                        y
            37  0x0009c  int    81 14                        20
            38  0x0009e  word   38 61 64 64                  add
            39  0x000a2  xref   84 33                        def
    17      40  0x000a4  xref   84 24                        /text
            41  0x000a6  xref   84 4b                        text
            42  0x000a8  str    37 20 58 58                  " XX"
            43  0x000ac  xref   84 0e                        add
            44  0x000ae  xref   84 3f                        def
    18      45  0x000b0  prim   13                         }
    20      46  0x000b1  ref    49 69 6e 69 74             /init
            47  0x000b6  code   86                         {
            48  0x000b7  xref   84 37                        /text
            49  0x000b9  str    27 5a 5a                     "ZZ"
            50  0x000bc  xref   84 4d                        def
            51  0x000be  prim   13                         }
    21      52  0x000bf  word   18 29                    )
            53  0x000c1  word   78 57 69 64 67 65 74 31  Widget1
            54  0x000c9  xref   84 60                    class
            55  0x000cb  xref   84 5c                    def
    23      56  0x000cd  ref    39 77 69 6e              /win
            57  0x000d1  word   78 57 69 64 67 65 74 32  Widget2
            58  0x000d9  word   18 28                    (
            59  0x000db  ref    19 79                      /y
            60  0x000dd  int    81 14                      20
            61  0x000df  word   18 29                    )
            62  0x000e1  word   38 6e 65 77              new
            63  0x000e5  xref   84 76                    def
    25      64  0x000e7  word   38 77 69 6e              win
            65  0x000eb  get    5a 64 72 61 77 32        .draw2
    26      66  0x000f1  xref   84 0a                    win
            67  0x000f3  xref   84 08                    .draw2
    27      68  0x000f5  xref   84 0e                    win
            69  0x000f7  xref   84 0c                    .draw2
    29      70  0x000f9  xref   84 12                    win
            71  0x000fb  get    5a 64 72 61 77 31        .draw1
