
# - - - - - - - - - - - - - - - - - - - - - - - - - - - - - - - - - - - - - - -
# code: 25 entries (25 - 0)
# - - - - - - - - - - - - - - - - - - - - - - - - - - - - - - - - - - - - - - -
# line i index  offset   type   hex                      word
# - - - - - - - - - - - - - - - - - - - - - - - - - - - - - - - - - - - - - - -
             0  0x00000  comm   75 51 12 a9 42 7a ad 60  # gfxboot magic
     1       1  0x00008  ref    39 66 6f 6f              /foo
             2  0x0000c  word   18 28                    (
             3  0x0000e  str    17 61                      "a"
             4  0x00010  int    81 0a                      10
             5  0x00012  word   18 29                    )
             6  0x00014  word   38 64 65 66              def
     2       7  0x00018  ref    39 62 61 72              /bar
             8  0x0001c  word   18 28                    (
             9  0x0001e  str    17 78                      "x"
            10  0x00020  int    81 14                      20
            11  0x00022  word   18 29                    )
            12  0x00024  word   38 64 65 66              def
     4      13  0x00028  word   38 66 6f 6f              foo
            14  0x0002c  word   38 62 61 72              bar
            15  0x00030  word   98 73 65 74 70 61 72 65  setparent
                                6e 74
     6      16  0x0003a  word   38 66 6f 6f              foo
            17  0x0003e  str    17 78                    "x"
            18  0x00040  word   68 64 65 6c 65 74 65     delete
     9      19  0x00047  word   38 66 6f 6f              foo
            20  0x0004b  str    17 78                    "x"
            21  0x0004d  word   38 67 65 74              get
    10      22  0x00051  word   38 62 61 72              bar
            23  0x00055  str    17 78                    "x"
            24  0x00057  word   38 67 65 74              get
