# ---  trace  ---
== backtrace ==
  [0] #xxxx.1.1.ctx.func <code #xxxx.1.1.mem.ro, dict #xxxx.1.2.hash>
== stack (#xxxx.1.1.array) ==
GC: ++#xxxx.1.1.mem.ro
== backtrace ==
  [0] #xxxx.1.1.ctx.func <code #xxxx.1.2.mem.ro, dict #xxxx.1.2.hash>
== stack (#xxxx.1.1.array) ==
  [0] #xxxx.1.1.mem.ref.ro <#xxxx.1.2.mem.ro, "foo">
== backtrace ==
  [0] #xxxx.1.1.ctx.func <code #xxxx.1.2.mem.ro, dict #xxxx.1.2.hash>
== stack (#xxxx.1.1.array) ==
  [0] #xxxx.1.1.num.int <100 (0x64)>
  [1] #xxxx.1.1.mem.ref.ro <#xxxx.1.2.mem.ro, "foo">
GC: ++#xxxx.1.1.mem.ref.ro
GC: ++#xxxx.1.1.num.int
GC: --#xxxx.1.2.num.int
GC: --#xxxx.1.2.mem.ref.ro
== backtrace ==
  [0] #xxxx.1.1.ctx.func <code #xxxx.1.2.mem.ro, dict #xxxx.1.2.hash>
== stack (#xxxx.1.1.array) ==
GC: ++#xxxx.1.1.num.int
== backtrace ==
  [0] #xxxx.1.1.ctx.func <code #xxxx.1.2.mem.ro, dict #xxxx.1.2.hash>
== stack (#xxxx.1.1.array) ==
  [0] #xxxx.1.2.num.int <100 (0x64)>
