
# - - - - - - - - - - - - - - - - - - - - - - - - - - - - - - - - - - - - - - -
# code: 18 entries (18 - 0)
# - - - - - - - - - - - - - - - - - - - - - - - - - - - - - - - - - - - - - - -
# line i index  offset   type   hex                      word
# - - - - - - - - - - - - - - - - - - - - - - - - - - - - - - - - - - - - - - -
             0  0x00000  comm   75 51 12 a9 42 7a ad 60  # gfxboot magic
     1       1  0x00008  ref    39 66 6f 6f              /foo
             2  0x0000c  prim   43                       (
     2       3  0x0000d  ref    29 33 78                   /3x
             4  0x00010  code   66                         {
             5  0x00011  word   18 78                        x
             6  0x00013  int    31                           3
             7  0x00014  prim   83 20                        mul
             8  0x00016  prim   13                         }
     3       9  0x00017  prim   53                       )
            10  0x00018  prim   63                       def
     5      11  0x00019  word   38 66 6f 6f              foo
            12  0x0001d  int    81 64                    100
            13  0x0001f  set    1b 78                    =x
     6      14  0x00021  xref   84 08                    foo
            15  0x00023  get    1a 78                    .x
     7      16  0x00025  xref   84 0c                    foo
            17  0x00027  get    2a 33 78                 .3x
