# ---  trace  ---
IP: #188:0x0, type 5, 1[7]
== backtrace ==
  [0] #190.1.1.ctx.func <code #188.1.1.mem.ro, ip 0x8 (0x0), dict #4.1.2.hash>
== stack (#189.1.1.array) ==
IP: #188:0x8, type 1, 100 (0x64)
== backtrace ==
  [0] #190.1.1.ctx.func <code #188.1.1.mem.ro, ip 0xa (0x8), dict #4.1.2.hash>
== stack (#189.1.1.array) ==
  [0] #191.1.1.num.int <100 (0x64)>
IP: #188:0xa, type 1, 200 (0xc8)
== backtrace ==
  [0] #190.1.1.ctx.func <code #188.1.1.mem.ro, ip 0xd (0xa), dict #4.1.2.hash>
== stack (#189.1.1.array) ==
  [0] #192.1.1.num.int <200 (0xc8)>
  [1] #191.1.1.num.int <100 (0x64)>
IP: #188:0xd, type 1, 300 (0x12c)
== backtrace ==
  [0] #190.1.1.ctx.func <code #188.1.1.mem.ro, ip 0x10 (0xd), dict #4.1.2.hash>
== stack (#189.1.1.array) ==
  [0] #193.1.1.num.int <300 (0x12c)>
  [1] #192.1.1.num.int <200 (0xc8)>
  [2] #191.1.1.num.int <100 (0x64)>
IP: #188:0x10, type 8, 17[3]
== backtrace ==
  [0] #190.1.1.ctx.func <code #188.1.1.mem.ro, ip 0x14 (0x10), dict #4.1.2.hash>
== stack (#189.1.1.array) ==
  [0] #191.1.1.num.int <100 (0x64)>
  [1] #193.1.1.num.int <300 (0x12c)>
  [2] #192.1.1.num.int <200 (0xc8)>
